[aiter] import [module_aiter_core] under /home/xdai/aiter/aiter/jit/module_aiter_core.so
torch=2.13.0+rocm7.2
device=AMD Instinct MI350X VF
CASE dual_rtn_32x256
aiter_vs_lumen.row: equal=True mismatch=0/4096 max_abs=0 first=None actual_sha=f8056313d0072456fa4532a089f449806ee0f07dc73dfc555266cf05f4457b2b expected_sha=f8056313d0072456fa4532a089f449806ee0f07dc73dfc555266cf05f4457b2b
aiter_vs_lumen.row_scale: equal=True mismatch=0/256 max_abs=0 first=None actual_sha=41f72f8d99026d61ffd6525065a8dd1de4d292a1eb4870e22db75d8bb9a23ea1 expected_sha=41f72f8d99026d61ffd6525065a8dd1de4d292a1eb4870e22db75d8bb9a23ea1
aiter_vs_lumen.col: equal=True mismatch=0/4096 max_abs=0 first=None actual_sha=08f4bdd1f4c7099c538147c8b4f3e7ba4450b6b05d48af5e43626005f1ab510e expected_sha=08f4bdd1f4c7099c538147c8b4f3e7ba4450b6b05d48af5e43626005f1ab510e
aiter_vs_lumen.col_scale: equal=True mismatch=0/256 max_abs=0 first=None actual_sha=d44681bb17394144c732284b52e8bc07997a3a4dccd6df092f8a66a2e8260b49 expected_sha=d44681bb17394144c732284b52e8bc07997a3a4dccd6df092f8a66a2e8260b49
aiter_vs_fp32_math.row: equal=True mismatch=0/4096 max_abs=0 first=None actual_sha=f8056313d0072456fa4532a089f449806ee0f07dc73dfc555266cf05f4457b2b expected_sha=f8056313d0072456fa4532a089f449806ee0f07dc73dfc555266cf05f4457b2b
aiter_vs_fp32_math.row_scale: equal=True mismatch=0/256 max_abs=0 first=None actual_sha=41f72f8d99026d61ffd6525065a8dd1de4d292a1eb4870e22db75d8bb9a23ea1 expected_sha=41f72f8d99026d61ffd6525065a8dd1de4d292a1eb4870e22db75d8bb9a23ea1
aiter_vs_fp32_math.col: equal=False mismatch=637/4096 max_abs=68 first=((4, 4), 231, 197) actual_sha=08f4bdd1f4c7099c538147c8b4f3e7ba4450b6b05d48af5e43626005f1ab510e expected_sha=7305c56887dc51b769cf4cf08f981168e709936363df02811cbc914238e0b152
aiter_vs_fp32_math.col_scale: equal=False mismatch=36/256 max_abs=2 first=((9, 0), 127, 126) actual_sha=d44681bb17394144c732284b52e8bc07997a3a4dccd6df092f8a66a2e8260b49 expected_sha=3f323c35db77fa58c2d2d0c74fd8c1627cd653159529135cce2b17ec046547de
aiter_vs_bf16_output.col: equal=False mismatch=670/4096 max_abs=68 first=((0, 13), 156, 140) actual_sha=08f4bdd1f4c7099c538147c8b4f3e7ba4450b6b05d48af5e43626005f1ab510e expected_sha=b8790ecd852d9c9e5a8b63c2f738fc3bd44c4143f36dd670252760583ed0a541
aiter_vs_bf16_output.col_scale: equal=False mismatch=35/256 max_abs=2 first=((9, 0), 127, 126) actual_sha=d44681bb17394144c732284b52e8bc07997a3a4dccd6df092f8a66a2e8260b49 expected_sha=8ace0f618ea45d159aa0b1c8e134bc0c81a68b6d62528c93c6419c02315fc604
quality.col_vs_fp32=10.804543dB col_vs_bf16_output=10.803579dB
CASE dual_rtn_64x256
aiter_vs_lumen.row: equal=True mismatch=0/8192 max_abs=0 first=None actual_sha=2fc05664a6011b05f9febb9cd5c84bdc973906da8d190293483a1bc379f9d76b expected_sha=2fc05664a6011b05f9febb9cd5c84bdc973906da8d190293483a1bc379f9d76b
aiter_vs_lumen.row_scale: equal=True mismatch=0/512 max_abs=0 first=None actual_sha=bba704815a270ba67dab40fc326a2bd83a542d8178976c4e229e098564030db9 expected_sha=bba704815a270ba67dab40fc326a2bd83a542d8178976c4e229e098564030db9
aiter_vs_lumen.col: equal=True mismatch=0/8192 max_abs=0 first=None actual_sha=bcef838377f5222ee25e1f9b5d36f687226de39b5ce42a42018571f7ef29944b expected_sha=bcef838377f5222ee25e1f9b5d36f687226de39b5ce42a42018571f7ef29944b
aiter_vs_lumen.col_scale: equal=True mismatch=0/512 max_abs=0 first=None actual_sha=314c27d7f4f41f271ef70faa099bffe228e9c8566f17b722a0eb3577a0137424 expected_sha=314c27d7f4f41f271ef70faa099bffe228e9c8566f17b722a0eb3577a0137424
aiter_vs_fp32_math.row: equal=True mismatch=0/8192 max_abs=0 first=None actual_sha=2fc05664a6011b05f9febb9cd5c84bdc973906da8d190293483a1bc379f9d76b expected_sha=2fc05664a6011b05f9febb9cd5c84bdc973906da8d190293483a1bc379f9d76b
aiter_vs_fp32_math.row_scale: equal=True mismatch=0/512 max_abs=0 first=None actual_sha=bba704815a270ba67dab40fc326a2bd83a542d8178976c4e229e098564030db9 expected_sha=bba704815a270ba67dab40fc326a2bd83a542d8178976c4e229e098564030db9
aiter_vs_fp32_math.col: equal=False mismatch=1124/8192 max_abs=68 first=((2, 2), 142, 140) actual_sha=bcef838377f5222ee25e1f9b5d36f687226de39b5ce42a42018571f7ef29944b expected_sha=abc85b00643552af34ce13109220446b1152a0be1b3dd842ce439db6003a4201
aiter_vs_fp32_math.col_scale: equal=False mismatch=69/512 max_abs=2 first=((3, 0), 127, 126) actual_sha=314c27d7f4f41f271ef70faa099bffe228e9c8566f17b722a0eb3577a0137424 expected_sha=2297c71ce142166804553ca385247e647ef788cfac16e22041e9efa88c03d083
aiter_vs_bf16_output.col: equal=False mismatch=1188/8192 max_abs=68 first=((0, 10), 131, 130) actual_sha=bcef838377f5222ee25e1f9b5d36f687226de39b5ce42a42018571f7ef29944b expected_sha=982a41fc23a10de1a4f6ef5eed7afc126b5fb67f39a12204086b34826e79c70c
aiter_vs_bf16_output.col_scale: equal=False mismatch=68/512 max_abs=2 first=((3, 0), 127, 126) actual_sha=314c27d7f4f41f271ef70faa099bffe228e9c8566f17b722a0eb3577a0137424 expected_sha=1841f03886e232dec6eef755df912408e2b1fa583d885820b917c6221e449298
quality.col_vs_fp32=12.225141dB col_vs_bf16_output=12.225927dB
CASE dual_rtn_96x256
aiter_vs_lumen.row: equal=True mismatch=0/12288 max_abs=0 first=None actual_sha=c62471dea8b01d9721b81d47d3fdd772e86ceacae7dfe0aa1bb4d8da77e01fa3 expected_sha=c62471dea8b01d9721b81d47d3fdd772e86ceacae7dfe0aa1bb4d8da77e01fa3
aiter_vs_lumen.row_scale: equal=True mismatch=0/768 max_abs=0 first=None actual_sha=7ee4e9862cfbdbfe2ddd4dda4f8d69a52dcb1913e3ba4a8c25b6e8580f64730c expected_sha=7ee4e9862cfbdbfe2ddd4dda4f8d69a52dcb1913e3ba4a8c25b6e8580f64730c
aiter_vs_lumen.col: equal=True mismatch=0/12288 max_abs=0 first=None actual_sha=29c25d46193c7a82805d35f4191e93795bd3a02ec8c12c1563c8dbe232cd4127 expected_sha=29c25d46193c7a82805d35f4191e93795bd3a02ec8c12c1563c8dbe232cd4127
aiter_vs_lumen.col_scale: equal=True mismatch=0/768 max_abs=0 first=None actual_sha=007e7afb554a2463bc121a96e11e5bad4e012a8517c8a204eb39252fe439b2d7 expected_sha=007e7afb554a2463bc121a96e11e5bad4e012a8517c8a204eb39252fe439b2d7
aiter_vs_fp32_math.row: equal=True mismatch=0/12288 max_abs=0 first=None actual_sha=c62471dea8b01d9721b81d47d3fdd772e86ceacae7dfe0aa1bb4d8da77e01fa3 expected_sha=c62471dea8b01d9721b81d47d3fdd772e86ceacae7dfe0aa1bb4d8da77e01fa3
aiter_vs_fp32_math.row_scale: equal=True mismatch=0/768 max_abs=0 first=None actual_sha=7ee4e9862cfbdbfe2ddd4dda4f8d69a52dcb1913e3ba4a8c25b6e8580f64730c expected_sha=7ee4e9862cfbdbfe2ddd4dda4f8d69a52dcb1913e3ba4a8c25b6e8580f64730c
aiter_vs_fp32_math.col: equal=False mismatch=1405/12288 max_abs=68 first=((8, 16), 106, 73) actual_sha=29c25d46193c7a82805d35f4191e93795bd3a02ec8c12c1563c8dbe232cd4127 expected_sha=e4b6382cf1e708108e2b0c5fbe1b40383ed9b4995f6dc184092ac6f9cebaa680
aiter_vs_fp32_math.col_scale: equal=False mismatch=81/768 max_abs=1 first=((8, 1), 127, 128) actual_sha=007e7afb554a2463bc121a96e11e5bad4e012a8517c8a204eb39252fe439b2d7 expected_sha=14b2a74b36cccbd35812e6f6d3875f4418320ded146346e5d595e1aff80592ee
aiter_vs_bf16_output.col: equal=False mismatch=1554/12288 max_abs=68 first=((0, 5), 49, 65) actual_sha=29c25d46193c7a82805d35f4191e93795bd3a02ec8c12c1563c8dbe232cd4127 expected_sha=44e8bc309b1373199001c44dc15df69c7902db649e5f17d0720ca1375e36a84c
aiter_vs_bf16_output.col_scale: equal=False mismatch=83/768 max_abs=1 first=((8, 1), 127, 128) actual_sha=007e7afb554a2463bc121a96e11e5bad4e012a8517c8a204eb39252fe439b2d7 expected_sha=7e9cf0f521f330b328a7a85602acc338ded16b552150160fcbd3dfab06432fdc
quality.col_vs_fp32=11.613222dB col_vs_bf16_output=11.613314dB
CASE dual_rtn_128x256
aiter_vs_lumen.row: equal=True mismatch=0/16384 max_abs=0 first=None actual_sha=35a08715a5bb9b2d21d9218f8e2fc68a3d7d6e72ad561a56e25323da3209e0f1 expected_sha=35a08715a5bb9b2d21d9218f8e2fc68a3d7d6e72ad561a56e25323da3209e0f1
aiter_vs_lumen.row_scale: equal=True mismatch=0/1024 max_abs=0 first=None actual_sha=2b81da55a311644cd17135ca19aea06244da99fb346d34e70845e85c83481326 expected_sha=2b81da55a311644cd17135ca19aea06244da99fb346d34e70845e85c83481326
aiter_vs_lumen.col: equal=True mismatch=0/16384 max_abs=0 first=None actual_sha=49d698087e1aa7fb13d27da36ca9c455e2bf76e4fb62a0443f8789cdf5c73ec4 expected_sha=49d698087e1aa7fb13d27da36ca9c455e2bf76e4fb62a0443f8789cdf5c73ec4
aiter_vs_lumen.col_scale: equal=True mismatch=0/1024 max_abs=0 first=None actual_sha=dbf3f32967d56d805a790e764042866f032ed662a60b060d66346d129522e501 expected_sha=dbf3f32967d56d805a790e764042866f032ed662a60b060d66346d129522e501
aiter_vs_fp32_math.row: equal=True mismatch=0/16384 max_abs=0 first=None actual_sha=35a08715a5bb9b2d21d9218f8e2fc68a3d7d6e72ad561a56e25323da3209e0f1 expected_sha=35a08715a5bb9b2d21d9218f8e2fc68a3d7d6e72ad561a56e25323da3209e0f1
aiter_vs_fp32_math.row_scale: equal=True mismatch=0/1024 max_abs=0 first=None actual_sha=2b81da55a311644cd17135ca19aea06244da99fb346d34e70845e85c83481326 expected_sha=2b81da55a311644cd17135ca19aea06244da99fb346d34e70845e85c83481326
aiter_vs_fp32_math.col: equal=False mismatch=2345/16384 max_abs=68 first=((3, 16), 210, 244) actual_sha=49d698087e1aa7fb13d27da36ca9c455e2bf76e4fb62a0443f8789cdf5c73ec4 expected_sha=f0a57929e131eaced37daaf185e3cfa0fccd2ad5f52b92f5f38a070f17979431
aiter_vs_fp32_math.col_scale: equal=False mismatch=149/1024 max_abs=2 first=((3, 1), 127, 126) actual_sha=dbf3f32967d56d805a790e764042866f032ed662a60b060d66346d129522e501 expected_sha=52e994b3ddd6e8924d35c38cf71b27d1ec198f2d2b67a6c4e157150f72515e3a
aiter_vs_bf16_output.col: equal=False mismatch=2523/16384 max_abs=68 first=((1, 25), 50, 34) actual_sha=49d698087e1aa7fb13d27da36ca9c455e2bf76e4fb62a0443f8789cdf5c73ec4 expected_sha=2d6daddf7e482d8e530cf0952c5c10c2efce6785f0101c83d1f6aee766d49da6
aiter_vs_bf16_output.col_scale: equal=False mismatch=150/1024 max_abs=2 first=((3, 1), 127, 126) actual_sha=dbf3f32967d56d805a790e764042866f032ed662a60b060d66346d129522e501 expected_sha=64dd86752ec59488e9ba3f0057b9ffd8131c6dde6794ac2152f2f34098533eaf
quality.col_vs_fp32=10.711754dB col_vs_bf16_output=10.711103dB
CASE dual_rtn_256x256
aiter_vs_lumen.row: equal=True mismatch=0/32768 max_abs=0 first=None actual_sha=a7a6e831d1258a5761b2c35f4fe799bdf726188ac2306af96c4b75c96410bf89 expected_sha=a7a6e831d1258a5761b2c35f4fe799bdf726188ac2306af96c4b75c96410bf89
aiter_vs_lumen.row_scale: equal=True mismatch=0/2048 max_abs=0 first=None actual_sha=d30f09b72bcfc98fe9ad13935451e6ff5390c448e7b5e02072a5d2ae07c061c6 expected_sha=d30f09b72bcfc98fe9ad13935451e6ff5390c448e7b5e02072a5d2ae07c061c6
aiter_vs_lumen.col: equal=True mismatch=0/32768 max_abs=0 first=None actual_sha=4496d46554a48db9e1dcf52c4ef5f33afed450c39c9b0bb1a0c8f9ae2539ad99 expected_sha=4496d46554a48db9e1dcf52c4ef5f33afed450c39c9b0bb1a0c8f9ae2539ad99
aiter_vs_lumen.col_scale: equal=True mismatch=0/2048 max_abs=0 first=None actual_sha=2c9e10f2f56db6469c3f80ed45f7a98cda2ac5517a8e01d37fad0832f27f4710 expected_sha=2c9e10f2f56db6469c3f80ed45f7a98cda2ac5517a8e01d37fad0832f27f4710
aiter_vs_fp32_math.row: equal=True mismatch=0/32768 max_abs=0 first=None actual_sha=a7a6e831d1258a5761b2c35f4fe799bdf726188ac2306af96c4b75c96410bf89 expected_sha=a7a6e831d1258a5761b2c35f4fe799bdf726188ac2306af96c4b75c96410bf89
aiter_vs_fp32_math.row_scale: equal=True mismatch=0/2048 max_abs=0 first=None actual_sha=d30f09b72bcfc98fe9ad13935451e6ff5390c448e7b5e02072a5d2ae07c061c6 expected_sha=d30f09b72bcfc98fe9ad13935451e6ff5390c448e7b5e02072a5d2ae07c061c6
aiter_vs_fp32_math.col: equal=False mismatch=4567/32768 max_abs=68 first=((1, 6), 118, 84) actual_sha=4496d46554a48db9e1dcf52c4ef5f33afed450c39c9b0bb1a0c8f9ae2539ad99 expected_sha=e45163bf00a668d0c7d50a14497b53310f2ff9b7606314b9aafcbcb33146b140
aiter_vs_fp32_math.col_scale: equal=False mismatch=287/2048 max_abs=2 first=((1, 0), 126, 127) actual_sha=2c9e10f2f56db6469c3f80ed45f7a98cda2ac5517a8e01d37fad0832f27f4710 expected_sha=f5cf4a3bf79bec59296302d45e6bdc5fe1ca31e500d3b64c39fb276ae11d5de5
aiter_vs_bf16_output.col: equal=False mismatch=4900/32768 max_abs=68 first=((0, 69), 33, 34) actual_sha=4496d46554a48db9e1dcf52c4ef5f33afed450c39c9b0bb1a0c8f9ae2539ad99 expected_sha=b83d942b7a55916f1a0e035b21205146a5c4cb16001e52f7002809248b74c257
aiter_vs_bf16_output.col_scale: equal=False mismatch=286/2048 max_abs=2 first=((1, 0), 126, 127) actual_sha=2c9e10f2f56db6469c3f80ed45f7a98cda2ac5517a8e01d37fad0832f27f4710 expected_sha=1bdbb8e94be6e7916b96a8b86b2ee4642d0509f1d71b0cd16156b121d880c9a3
quality.col_vs_fp32=11.302472dB col_vs_bf16_output=11.302006dB
CASE bwd_rtn_32x256
fused_vs_aiter.dgate: equal=True mismatch=0/8192 max_abs=0.0 first=None actual_sha=cc7e03602670deaca6fdf2f879c3fb3c6ba3fc19e763eda49196a3ad92c2e7f6 expected_sha=cc7e03602670deaca6fdf2f879c3fb3c6ba3fc19e763eda49196a3ad92c2e7f6
fused_vs_aiter.dup: equal=True mismatch=0/8192 max_abs=0.0 first=None actual_sha=93da76aa7a34162ecaba04d1523152b4360a1d8eae7f6292b16e891dfc3f84f0 expected_sha=93da76aa7a34162ecaba04d1523152b4360a1d8eae7f6292b16e891dfc3f84f0
fused_vs_aiter.dgate_row: equal=True mismatch=0/4096 max_abs=0 first=None actual_sha=76f14b7a7c2de19406b3103a209731604a4ee4ceee1b7bc1b8e81a963ea5a697 expected_sha=76f14b7a7c2de19406b3103a209731604a4ee4ceee1b7bc1b8e81a963ea5a697
fused_vs_aiter.dgate_row_scale: equal=True mismatch=0/256 max_abs=0 first=None actual_sha=52723bd479bde13e163a4e17fdcf9fb5e02ed443df8369fa5e63f4de50687e41 expected_sha=52723bd479bde13e163a4e17fdcf9fb5e02ed443df8369fa5e63f4de50687e41
fused_vs_aiter.dgate_col: equal=True mismatch=0/4096 max_abs=0 first=None actual_sha=91fab2318d3964b0f901b1533f8d3660918e86d90fe303f6f1ce1b2384036400 expected_sha=91fab2318d3964b0f901b1533f8d3660918e86d90fe303f6f1ce1b2384036400
fused_vs_aiter.dgate_col_scale: equal=True mismatch=0/256 max_abs=0 first=None actual_sha=da8f06fee86f2a838f51f937ff41136cb6adeb48eb9b2eff392de4b452417a3a expected_sha=da8f06fee86f2a838f51f937ff41136cb6adeb48eb9b2eff392de4b452417a3a
fused_vs_aiter.dup_row: equal=True mismatch=0/4096 max_abs=0 first=None actual_sha=ab83a0a6c03fe4990b983daa7dbbcc4a04383e95dfa111f8b5d8a24e16a7a008 expected_sha=ab83a0a6c03fe4990b983daa7dbbcc4a04383e95dfa111f8b5d8a24e16a7a008
fused_vs_aiter.dup_row_scale: equal=True mismatch=0/256 max_abs=0 first=None actual_sha=d8cd90aedeeb2a797ba46a4acfc0594419a4ab45482e837cf219438fe5484c3e expected_sha=d8cd90aedeeb2a797ba46a4acfc0594419a4ab45482e837cf219438fe5484c3e
fused_vs_aiter.dup_col: equal=True mismatch=0/4096 max_abs=0 first=None actual_sha=6979d861990e3ac677cd8abbbc3bdfb539c6933d2f96b76b50b6d2a7d6287c73 expected_sha=6979d861990e3ac677cd8abbbc3bdfb539c6933d2f96b76b50b6d2a7d6287c73
fused_vs_aiter.dup_col_scale: equal=True mismatch=0/256 max_abs=0 first=None actual_sha=1a72e200c0f50cd82cbf4291c2be66a45651848acf292ad8fc32d038a7b23d21 expected_sha=1a72e200c0f50cd82cbf4291c2be66a45651848acf292ad8fc32d038a7b23d21
fused_vs_lumen.dgate: equal=True mismatch=0/8192 max_abs=0.0 first=None actual_sha=cc7e03602670deaca6fdf2f879c3fb3c6ba3fc19e763eda49196a3ad92c2e7f6 expected_sha=cc7e03602670deaca6fdf2f879c3fb3c6ba3fc19e763eda49196a3ad92c2e7f6
fused_vs_lumen.dup: equal=True mismatch=0/8192 max_abs=0.0 first=None actual_sha=93da76aa7a34162ecaba04d1523152b4360a1d8eae7f6292b16e891dfc3f84f0 expected_sha=93da76aa7a34162ecaba04d1523152b4360a1d8eae7f6292b16e891dfc3f84f0
fused_vs_lumen.dgate_row: equal=True mismatch=0/4096 max_abs=0 first=None actual_sha=76f14b7a7c2de19406b3103a209731604a4ee4ceee1b7bc1b8e81a963ea5a697 expected_sha=76f14b7a7c2de19406b3103a209731604a4ee4ceee1b7bc1b8e81a963ea5a697
fused_vs_lumen.dgate_row_scale: equal=True mismatch=0/256 max_abs=0 first=None actual_sha=52723bd479bde13e163a4e17fdcf9fb5e02ed443df8369fa5e63f4de50687e41 expected_sha=52723bd479bde13e163a4e17fdcf9fb5e02ed443df8369fa5e63f4de50687e41
fused_vs_lumen.dgate_col: equal=True mismatch=0/4096 max_abs=0 first=None actual_sha=91fab2318d3964b0f901b1533f8d3660918e86d90fe303f6f1ce1b2384036400 expected_sha=91fab2318d3964b0f901b1533f8d3660918e86d90fe303f6f1ce1b2384036400
fused_vs_lumen.dgate_col_scale: equal=True mismatch=0/256 max_abs=0 first=None actual_sha=da8f06fee86f2a838f51f937ff41136cb6adeb48eb9b2eff392de4b452417a3a expected_sha=da8f06fee86f2a838f51f937ff41136cb6adeb48eb9b2eff392de4b452417a3a
fused_vs_lumen.dup_row: equal=True mismatch=0/4096 max_abs=0 first=None actual_sha=ab83a0a6c03fe4990b983daa7dbbcc4a04383e95dfa111f8b5d8a24e16a7a008 expected_sha=ab83a0a6c03fe4990b983daa7dbbcc4a04383e95dfa111f8b5d8a24e16a7a008
fused_vs_lumen.dup_row_scale: equal=True mismatch=0/256 max_abs=0 first=None actual_sha=d8cd90aedeeb2a797ba46a4acfc0594419a4ab45482e837cf219438fe5484c3e expected_sha=d8cd90aedeeb2a797ba46a4acfc0594419a4ab45482e837cf219438fe5484c3e
fused_vs_lumen.dup_col: equal=True mismatch=0/4096 max_abs=0 first=None actual_sha=6979d861990e3ac677cd8abbbc3bdfb539c6933d2f96b76b50b6d2a7d6287c73 expected_sha=6979d861990e3ac677cd8abbbc3bdfb539c6933d2f96b76b50b6d2a7d6287c73
fused_vs_lumen.dup_col_scale: equal=True mismatch=0/256 max_abs=0 first=None actual_sha=1a72e200c0f50cd82cbf4291c2be66a45651848acf292ad8fc32d038a7b23d21 expected_sha=1a72e200c0f50cd82cbf4291c2be66a45651848acf292ad8fc32d038a7b23d21
aiter_vs_lumen.dgate: equal=True mismatch=0/8192 max_abs=0.0 first=None actual_sha=cc7e03602670deaca6fdf2f879c3fb3c6ba3fc19e763eda49196a3ad92c2e7f6 expected_sha=cc7e03602670deaca6fdf2f879c3fb3c6ba3fc19e763eda49196a3ad92c2e7f6
aiter_vs_lumen.dup: equal=True mismatch=0/8192 max_abs=0.0 first=None actual_sha=93da76aa7a34162ecaba04d1523152b4360a1d8eae7f6292b16e891dfc3f84f0 expected_sha=93da76aa7a34162ecaba04d1523152b4360a1d8eae7f6292b16e891dfc3f84f0
aiter_vs_lumen.dgate_row: equal=True mismatch=0/4096 max_abs=0 first=None actual_sha=76f14b7a7c2de19406b3103a209731604a4ee4ceee1b7bc1b8e81a963ea5a697 expected_sha=76f14b7a7c2de19406b3103a209731604a4ee4ceee1b7bc1b8e81a963ea5a697
aiter_vs_lumen.dgate_row_scale: equal=True mismatch=0/256 max_abs=0 first=None actual_sha=52723bd479bde13e163a4e17fdcf9fb5e02ed443df8369fa5e63f4de50687e41 expected_sha=52723bd479bde13e163a4e17fdcf9fb5e02ed443df8369fa5e63f4de50687e41
aiter_vs_lumen.dgate_col: equal=True mismatch=0/4096 max_abs=0 first=None actual_sha=91fab2318d3964b0f901b1533f8d3660918e86d90fe303f6f1ce1b2384036400 expected_sha=91fab2318d3964b0f901b1533f8d3660918e86d90fe303f6f1ce1b2384036400
aiter_vs_lumen.dgate_col_scale: equal=True mismatch=0/256 max_abs=0 first=None actual_sha=da8f06fee86f2a838f51f937ff41136cb6adeb48eb9b2eff392de4b452417a3a expected_sha=da8f06fee86f2a838f51f937ff41136cb6adeb48eb9b2eff392de4b452417a3a
aiter_vs_lumen.dup_row: equal=True mismatch=0/4096 max_abs=0 first=None actual_sha=ab83a0a6c03fe4990b983daa7dbbcc4a04383e95dfa111f8b5d8a24e16a7a008 expected_sha=ab83a0a6c03fe4990b983daa7dbbcc4a04383e95dfa111f8b5d8a24e16a7a008
aiter_vs_lumen.dup_row_scale: equal=True mismatch=0/256 max_abs=0 first=None actual_sha=d8cd90aedeeb2a797ba46a4acfc0594419a4ab45482e837cf219438fe5484c3e expected_sha=d8cd90aedeeb2a797ba46a4acfc0594419a4ab45482e837cf219438fe5484c3e
aiter_vs_lumen.dup_col: equal=True mismatch=0/4096 max_abs=0 first=None actual_sha=6979d861990e3ac677cd8abbbc3bdfb539c6933d2f96b76b50b6d2a7d6287c73 expected_sha=6979d861990e3ac677cd8abbbc3bdfb539c6933d2f96b76b50b6d2a7d6287c73
aiter_vs_lumen.dup_col_scale: equal=True mismatch=0/256 max_abs=0 first=None actual_sha=1a72e200c0f50cd82cbf4291c2be66a45651848acf292ad8fc32d038a7b23d21 expected_sha=1a72e200c0f50cd82cbf4291c2be66a45651848acf292ad8fc32d038a7b23d21
CASE bwd_rtn_64x256
fused_vs_aiter.dgate: equal=True mismatch=0/16384 max_abs=0.0 first=None actual_sha=30966886d6f15f9656ac92d35c2bee3972eaf0c583ad84ca32ce454b79ac6c9b expected_sha=30966886d6f15f9656ac92d35c2bee3972eaf0c583ad84ca32ce454b79ac6c9b
fused_vs_aiter.dup: equal=True mismatch=0/16384 max_abs=0.0 first=None actual_sha=e1bf68390c0e83e85f5b3be0e2fdd576657af126046fd5471b62e47098dcefeb expected_sha=e1bf68390c0e83e85f5b3be0e2fdd576657af126046fd5471b62e47098dcefeb
fused_vs_aiter.dgate_row: equal=True mismatch=0/8192 max_abs=0 first=None actual_sha=7bdde9067764e7c6c9028a70e85db518c3b24ca5e7fa1526a98850fb373501d8 expected_sha=7bdde9067764e7c6c9028a70e85db518c3b24ca5e7fa1526a98850fb373501d8
fused_vs_aiter.dgate_row_scale: equal=True mismatch=0/512 max_abs=0 first=None actual_sha=6645e1554346ae42f9bf7e17717b184cab80abfe4d078ec4a74ee80dca797d82 expected_sha=6645e1554346ae42f9bf7e17717b184cab80abfe4d078ec4a74ee80dca797d82
fused_vs_aiter.dgate_col: equal=False mismatch=1864/8192 max_abs=68 first=((0, 4), 98, 65) actual_sha=f47b9acd1aea63e270699a488bab824a603f4eb68030a5d3c5706b6f92bbf4f4 expected_sha=af69713cc0cc321f3e78fc7f951779f4581388ea56389021e723f3b619e9cfe5
fused_vs_aiter.dgate_col_scale: equal=False mismatch=108/512 max_abs=2 first=((2, 0), 126, 125) actual_sha=79c980a8be11c987ef768b244e4c31112456b184b01dd60ba1bc4fedee92c2b0 expected_sha=3f5ef32f12419dafbb9011c7a4f1ce8fe4ef050f91fdaf904534aaa7d751db64
fused_vs_aiter.dup_row: equal=True mismatch=0/8192 max_abs=0 first=None actual_sha=4b283791ad655a063b105af57952124cee98318c3264c89d598597030c9f92f7 expected_sha=4b283791ad655a063b105af57952124cee98318c3264c89d598597030c9f92f7
fused_vs_aiter.dup_row_scale: equal=True mismatch=0/512 max_abs=0 first=None actual_sha=fb3acdfed188e2852dba331341bbf9b83198d7dc669077954d6064dcc90ecdae expected_sha=fb3acdfed188e2852dba331341bbf9b83198d7dc669077954d6064dcc90ecdae
fused_vs_aiter.dup_col: equal=False mismatch=1949/8192 max_abs=68 first=((0, 16), 154, 153) actual_sha=5a2a72dd7484294f1946b1f1eb7eb7d2fecd532bb7eb4395c4fee6003a92dda9 expected_sha=f9945bd58e9b3001571f3cfb45e0abddf5d860cace16c0346b80a42ec24dcd91
fused_vs_aiter.dup_col_scale: equal=False mismatch=116/512 max_abs=2 first=((4, 0), 125, 126) actual_sha=1571b104ede59ae5c822dbe3b583d4aec3e31d8b8987e6853ff8875c37f3dbfe expected_sha=dc68dc43cc62955fd0eae037089d373e17ec555fefb05156075e8a42a65ced0e
fused_vs_lumen.dgate: equal=True mismatch=0/16384 max_abs=0.0 first=None actual_sha=30966886d6f15f9656ac92d35c2bee3972eaf0c583ad84ca32ce454b79ac6c9b expected_sha=30966886d6f15f9656ac92d35c2bee3972eaf0c583ad84ca32ce454b79ac6c9b
fused_vs_lumen.dup: equal=True mismatch=0/16384 max_abs=0.0 first=None actual_sha=e1bf68390c0e83e85f5b3be0e2fdd576657af126046fd5471b62e47098dcefeb expected_sha=e1bf68390c0e83e85f5b3be0e2fdd576657af126046fd5471b62e47098dcefeb
fused_vs_lumen.dgate_row: equal=True mismatch=0/8192 max_abs=0 first=None actual_sha=7bdde9067764e7c6c9028a70e85db518c3b24ca5e7fa1526a98850fb373501d8 expected_sha=7bdde9067764e7c6c9028a70e85db518c3b24ca5e7fa1526a98850fb373501d8
fused_vs_lumen.dgate_row_scale: equal=True mismatch=0/512 max_abs=0 first=None actual_sha=6645e1554346ae42f9bf7e17717b184cab80abfe4d078ec4a74ee80dca797d82 expected_sha=6645e1554346ae42f9bf7e17717b184cab80abfe4d078ec4a74ee80dca797d82
fused_vs_lumen.dgate_col: equal=False mismatch=1864/8192 max_abs=68 first=((0, 4), 98, 65) actual_sha=f47b9acd1aea63e270699a488bab824a603f4eb68030a5d3c5706b6f92bbf4f4 expected_sha=af69713cc0cc321f3e78fc7f951779f4581388ea56389021e723f3b619e9cfe5
fused_vs_lumen.dgate_col_scale: equal=False mismatch=108/512 max_abs=2 first=((2, 0), 126, 125) actual_sha=79c980a8be11c987ef768b244e4c31112456b184b01dd60ba1bc4fedee92c2b0 expected_sha=3f5ef32f12419dafbb9011c7a4f1ce8fe4ef050f91fdaf904534aaa7d751db64
fused_vs_lumen.dup_row: equal=True mismatch=0/8192 max_abs=0 first=None actual_sha=4b283791ad655a063b105af57952124cee98318c3264c89d598597030c9f92f7 expected_sha=4b283791ad655a063b105af57952124cee98318c3264c89d598597030c9f92f7
fused_vs_lumen.dup_row_scale: equal=True mismatch=0/512 max_abs=0 first=None actual_sha=fb3acdfed188e2852dba331341bbf9b83198d7dc669077954d6064dcc90ecdae expected_sha=fb3acdfed188e2852dba331341bbf9b83198d7dc669077954d6064dcc90ecdae
fused_vs_lumen.dup_col: equal=False mismatch=1949/8192 max_abs=68 first=((0, 16), 154, 153) actual_sha=5a2a72dd7484294f1946b1f1eb7eb7d2fecd532bb7eb4395c4fee6003a92dda9 expected_sha=f9945bd58e9b3001571f3cfb45e0abddf5d860cace16c0346b80a42ec24dcd91
fused_vs_lumen.dup_col_scale: equal=False mismatch=116/512 max_abs=2 first=((4, 0), 125, 126) actual_sha=1571b104ede59ae5c822dbe3b583d4aec3e31d8b8987e6853ff8875c37f3dbfe expected_sha=dc68dc43cc62955fd0eae037089d373e17ec555fefb05156075e8a42a65ced0e
aiter_vs_lumen.dgate: equal=True mismatch=0/16384 max_abs=0.0 first=None actual_sha=30966886d6f15f9656ac92d35c2bee3972eaf0c583ad84ca32ce454b79ac6c9b expected_sha=30966886d6f15f9656ac92d35c2bee3972eaf0c583ad84ca32ce454b79ac6c9b
aiter_vs_lumen.dup: equal=True mismatch=0/16384 max_abs=0.0 first=None actual_sha=e1bf68390c0e83e85f5b3be0e2fdd576657af126046fd5471b62e47098dcefeb expected_sha=e1bf68390c0e83e85f5b3be0e2fdd576657af126046fd5471b62e47098dcefeb
aiter_vs_lumen.dgate_row: equal=True mismatch=0/8192 max_abs=0 first=None actual_sha=7bdde9067764e7c6c9028a70e85db518c3b24ca5e7fa1526a98850fb373501d8 expected_sha=7bdde9067764e7c6c9028a70e85db518c3b24ca5e7fa1526a98850fb373501d8
aiter_vs_lumen.dgate_row_scale: equal=True mismatch=0/512 max_abs=0 first=None actual_sha=6645e1554346ae42f9bf7e17717b184cab80abfe4d078ec4a74ee80dca797d82 expected_sha=6645e1554346ae42f9bf7e17717b184cab80abfe4d078ec4a74ee80dca797d82
aiter_vs_lumen.dgate_col: equal=True mismatch=0/8192 max_abs=0 first=None actual_sha=af69713cc0cc321f3e78fc7f951779f4581388ea56389021e723f3b619e9cfe5 expected_sha=af69713cc0cc321f3e78fc7f951779f4581388ea56389021e723f3b619e9cfe5
aiter_vs_lumen.dgate_col_scale: equal=True mismatch=0/512 max_abs=0 first=None actual_sha=3f5ef32f12419dafbb9011c7a4f1ce8fe4ef050f91fdaf904534aaa7d751db64 expected_sha=3f5ef32f12419dafbb9011c7a4f1ce8fe4ef050f91fdaf904534aaa7d751db64
aiter_vs_lumen.dup_row: equal=True mismatch=0/8192 max_abs=0 first=None actual_sha=4b283791ad655a063b105af57952124cee98318c3264c89d598597030c9f92f7 expected_sha=4b283791ad655a063b105af57952124cee98318c3264c89d598597030c9f92f7
aiter_vs_lumen.dup_row_scale: equal=True mismatch=0/512 max_abs=0 first=None actual_sha=fb3acdfed188e2852dba331341bbf9b83198d7dc669077954d6064dcc90ecdae expected_sha=fb3acdfed188e2852dba331341bbf9b83198d7dc669077954d6064dcc90ecdae
aiter_vs_lumen.dup_col: equal=True mismatch=0/8192 max_abs=0 first=None actual_sha=f9945bd58e9b3001571f3cfb45e0abddf5d860cace16c0346b80a42ec24dcd91 expected_sha=f9945bd58e9b3001571f3cfb45e0abddf5d860cace16c0346b80a42ec24dcd91
aiter_vs_lumen.dup_col_scale: equal=True mismatch=0/512 max_abs=0 first=None actual_sha=dc68dc43cc62955fd0eae037089d373e17ec555fefb05156075e8a42a65ced0e expected_sha=dc68dc43cc62955fd0eae037089d373e17ec555fefb05156075e8a42a65ced0e
CASE bwd_rtn_96x256
fused_vs_aiter.dgate: equal=True mismatch=0/24576 max_abs=0.0 first=None actual_sha=11c41acbd780d4a8de65867b4a22b62f759efee7027498193c0a152c497c293e expected_sha=11c41acbd780d4a8de65867b4a22b62f759efee7027498193c0a152c497c293e
fused_vs_aiter.dup: equal=True mismatch=0/24576 max_abs=0.0 first=None actual_sha=a6fc01bfc1901761d13098a93136c4a4e99c5f2735157bfd6fcf683b57df09c3 expected_sha=a6fc01bfc1901761d13098a93136c4a4e99c5f2735157bfd6fcf683b57df09c3
fused_vs_aiter.dgate_row: equal=True mismatch=0/12288 max_abs=0 first=None actual_sha=23596f4f05eb65a9821fd15126d55cc27198bb67cb81ecbcf71f9ca3da874f24 expected_sha=23596f4f05eb65a9821fd15126d55cc27198bb67cb81ecbcf71f9ca3da874f24
fused_vs_aiter.dgate_row_scale: equal=True mismatch=0/768 max_abs=0 first=None actual_sha=e61a81cfa99e0fbe5580408dff05bc09c2954c3dc634ba50324637d2bcef46a4 expected_sha=e61a81cfa99e0fbe5580408dff05bc09c2954c3dc634ba50324637d2bcef46a4
fused_vs_aiter.dgate_col: equal=True mismatch=0/12288 max_abs=0 first=None actual_sha=7114178b29db6556d29851c734c3b8da29d2e026f139aa00475528c744e86eb8 expected_sha=7114178b29db6556d29851c734c3b8da29d2e026f139aa00475528c744e86eb8
fused_vs_aiter.dgate_col_scale: equal=True mismatch=0/768 max_abs=0 first=None actual_sha=8d558da107f39ad7c9e55a48f9600b7c7be264df7b00a003161b6ea36b57a739 expected_sha=8d558da107f39ad7c9e55a48f9600b7c7be264df7b00a003161b6ea36b57a739
fused_vs_aiter.dup_row: equal=True mismatch=0/12288 max_abs=0 first=None actual_sha=0d761c51855f094636e80683f1fafb6c86d3a60bb6b5d34538b1d6c8b8d0e516 expected_sha=0d761c51855f094636e80683f1fafb6c86d3a60bb6b5d34538b1d6c8b8d0e516
fused_vs_aiter.dup_row_scale: equal=True mismatch=0/768 max_abs=0 first=None actual_sha=ee7aa7b583f64538d1ecb62ff1a48125e93c975e313ce9bc2ac42f6684b79747 expected_sha=ee7aa7b583f64538d1ecb62ff1a48125e93c975e313ce9bc2ac42f6684b79747
fused_vs_aiter.dup_col: equal=True mismatch=0/12288 max_abs=0 first=None actual_sha=bff1fb3a3746839fa21e9aaf8051f44b8c360273a3050c12e32ff015a3acac18 expected_sha=bff1fb3a3746839fa21e9aaf8051f44b8c360273a3050c12e32ff015a3acac18
fused_vs_aiter.dup_col_scale: equal=True mismatch=0/768 max_abs=0 first=None actual_sha=f973457b6ff6e69fb05382422c5a75a34607302368f511e622a289bd6edc4bde expected_sha=f973457b6ff6e69fb05382422c5a75a34607302368f511e622a289bd6edc4bde
fused_vs_lumen.dgate: equal=True mismatch=0/24576 max_abs=0.0 first=None actual_sha=11c41acbd780d4a8de65867b4a22b62f759efee7027498193c0a152c497c293e expected_sha=11c41acbd780d4a8de65867b4a22b62f759efee7027498193c0a152c497c293e
fused_vs_lumen.dup: equal=True mismatch=0/24576 max_abs=0.0 first=None actual_sha=a6fc01bfc1901761d13098a93136c4a4e99c5f2735157bfd6fcf683b57df09c3 expected_sha=a6fc01bfc1901761d13098a93136c4a4e99c5f2735157bfd6fcf683b57df09c3
fused_vs_lumen.dgate_row: equal=True mismatch=0/12288 max_abs=0 first=None actual_sha=23596f4f05eb65a9821fd15126d55cc27198bb67cb81ecbcf71f9ca3da874f24 expected_sha=23596f4f05eb65a9821fd15126d55cc27198bb67cb81ecbcf71f9ca3da874f24
fused_vs_lumen.dgate_row_scale: equal=True mismatch=0/768 max_abs=0 first=None actual_sha=e61a81cfa99e0fbe5580408dff05bc09c2954c3dc634ba50324637d2bcef46a4 expected_sha=e61a81cfa99e0fbe5580408dff05bc09c2954c3dc634ba50324637d2bcef46a4
fused_vs_lumen.dgate_col: equal=True mismatch=0/12288 max_abs=0 first=None actual_sha=7114178b29db6556d29851c734c3b8da29d2e026f139aa00475528c744e86eb8 expected_sha=7114178b29db6556d29851c734c3b8da29d2e026f139aa00475528c744e86eb8
fused_vs_lumen.dgate_col_scale: equal=True mismatch=0/768 max_abs=0 first=None actual_sha=8d558da107f39ad7c9e55a48f9600b7c7be264df7b00a003161b6ea36b57a739 expected_sha=8d558da107f39ad7c9e55a48f9600b7c7be264df7b00a003161b6ea36b57a739
fused_vs_lumen.dup_row: equal=True mismatch=0/12288 max_abs=0 first=None actual_sha=0d761c51855f094636e80683f1fafb6c86d3a60bb6b5d34538b1d6c8b8d0e516 expected_sha=0d761c51855f094636e80683f1fafb6c86d3a60bb6b5d34538b1d6c8b8d0e516
fused_vs_lumen.dup_row_scale: equal=True mismatch=0/768 max_abs=0 first=None actual_sha=ee7aa7b583f64538d1ecb62ff1a48125e93c975e313ce9bc2ac42f6684b79747 expected_sha=ee7aa7b583f64538d1ecb62ff1a48125e93c975e313ce9bc2ac42f6684b79747
fused_vs_lumen.dup_col: equal=True mismatch=0/12288 max_abs=0 first=None actual_sha=bff1fb3a3746839fa21e9aaf8051f44b8c360273a3050c12e32ff015a3acac18 expected_sha=bff1fb3a3746839fa21e9aaf8051f44b8c360273a3050c12e32ff015a3acac18
fused_vs_lumen.dup_col_scale: equal=True mismatch=0/768 max_abs=0 first=None actual_sha=f973457b6ff6e69fb05382422c5a75a34607302368f511e622a289bd6edc4bde expected_sha=f973457b6ff6e69fb05382422c5a75a34607302368f511e622a289bd6edc4bde
aiter_vs_lumen.dgate: equal=True mismatch=0/24576 max_abs=0.0 first=None actual_sha=11c41acbd780d4a8de65867b4a22b62f759efee7027498193c0a152c497c293e expected_sha=11c41acbd780d4a8de65867b4a22b62f759efee7027498193c0a152c497c293e
aiter_vs_lumen.dup: equal=True mismatch=0/24576 max_abs=0.0 first=None actual_sha=a6fc01bfc1901761d13098a93136c4a4e99c5f2735157bfd6fcf683b57df09c3 expected_sha=a6fc01bfc1901761d13098a93136c4a4e99c5f2735157bfd6fcf683b57df09c3
aiter_vs_lumen.dgate_row: equal=True mismatch=0/12288 max_abs=0 first=None actual_sha=23596f4f05eb65a9821fd15126d55cc27198bb67cb81ecbcf71f9ca3da874f24 expected_sha=23596f4f05eb65a9821fd15126d55cc27198bb67cb81ecbcf71f9ca3da874f24
aiter_vs_lumen.dgate_row_scale: equal=True mismatch=0/768 max_abs=0 first=None actual_sha=e61a81cfa99e0fbe5580408dff05bc09c2954c3dc634ba50324637d2bcef46a4 expected_sha=e61a81cfa99e0fbe5580408dff05bc09c2954c3dc634ba50324637d2bcef46a4
aiter_vs_lumen.dgate_col: equal=True mismatch=0/12288 max_abs=0 first=None actual_sha=7114178b29db6556d29851c734c3b8da29d2e026f139aa00475528c744e86eb8 expected_sha=7114178b29db6556d29851c734c3b8da29d2e026f139aa00475528c744e86eb8
aiter_vs_lumen.dgate_col_scale: equal=True mismatch=0/768 max_abs=0 first=None actual_sha=8d558da107f39ad7c9e55a48f9600b7c7be264df7b00a003161b6ea36b57a739 expected_sha=8d558da107f39ad7c9e55a48f9600b7c7be264df7b00a003161b6ea36b57a739
aiter_vs_lumen.dup_row: equal=True mismatch=0/12288 max_abs=0 first=None actual_sha=0d761c51855f094636e80683f1fafb6c86d3a60bb6b5d34538b1d6c8b8d0e516 expected_sha=0d761c51855f094636e80683f1fafb6c86d3a60bb6b5d34538b1d6c8b8d0e516
aiter_vs_lumen.dup_row_scale: equal=True mismatch=0/768 max_abs=0 first=None actual_sha=ee7aa7b583f64538d1ecb62ff1a48125e93c975e313ce9bc2ac42f6684b79747 expected_sha=ee7aa7b583f64538d1ecb62ff1a48125e93c975e313ce9bc2ac42f6684b79747
aiter_vs_lumen.dup_col: equal=True mismatch=0/12288 max_abs=0 first=None actual_sha=bff1fb3a3746839fa21e9aaf8051f44b8c360273a3050c12e32ff015a3acac18 expected_sha=bff1fb3a3746839fa21e9aaf8051f44b8c360273a3050c12e32ff015a3acac18
aiter_vs_lumen.dup_col_scale: equal=True mismatch=0/768 max_abs=0 first=None actual_sha=f973457b6ff6e69fb05382422c5a75a34607302368f511e622a289bd6edc4bde expected_sha=f973457b6ff6e69fb05382422c5a75a34607302368f511e622a289bd6edc4bde
CASE bwd_rtn_128x256
fused_vs_aiter.dgate: equal=True mismatch=0/32768 max_abs=0.0 first=None actual_sha=2099f22c35ae71f80eb9aedd0987b8128d6cfe91e5da5e5e0c200b6c3e29b5ab expected_sha=2099f22c35ae71f80eb9aedd0987b8128d6cfe91e5da5e5e0c200b6c3e29b5ab
fused_vs_aiter.dup: equal=True mismatch=0/32768 max_abs=0.0 first=None actual_sha=3eabf11b8d019ed7710424e475bef74e77918eac7cde59542df62964477ee327 expected_sha=3eabf11b8d019ed7710424e475bef74e77918eac7cde59542df62964477ee327
fused_vs_aiter.dgate_row: equal=True mismatch=0/16384 max_abs=0 first=None actual_sha=a2cd4be6f8ae6d09297782963d2e305867f8fb54d1dbe6978bfa315baffc0f38 expected_sha=a2cd4be6f8ae6d09297782963d2e305867f8fb54d1dbe6978bfa315baffc0f38
fused_vs_aiter.dgate_row_scale: equal=True mismatch=0/1024 max_abs=0 first=None actual_sha=5177c5b65fafbe88f6d3233c82b61f6da7a713c5029f52eee010ce59a7504806 expected_sha=5177c5b65fafbe88f6d3233c82b61f6da7a713c5029f52eee010ce59a7504806
fused_vs_aiter.dgate_col: equal=False mismatch=5013/16384 max_abs=68 first=((0, 0), 60, 94) actual_sha=717c93451ff49f7910e8a1bb9e9f1c8a0f3a04b570aa405d29c061159067c89a expected_sha=101a237e0f1fa12951d0f380a3c2e4b6db0cec352d47cc008d447a9a91de78fc
fused_vs_aiter.dgate_col_scale: equal=False mismatch=310/1024 max_abs=2 first=((0, 0), 126, 125) actual_sha=3b76dca32cc2f1d6cd173e3b1148984e59658ed001708fbf222516d0831b8141 expected_sha=30da7b4622292832a031dde3714e817eeb3dab6788055aac873d0cb62ab84000
fused_vs_aiter.dup_row: equal=True mismatch=0/16384 max_abs=0 first=None actual_sha=3a3f50d5078d073df337e698b6b7f73d8847ea984ac73ade3d27a877a280c5d3 expected_sha=3a3f50d5078d073df337e698b6b7f73d8847ea984ac73ade3d27a877a280c5d3
fused_vs_aiter.dup_row_scale: equal=True mismatch=0/1024 max_abs=0 first=None actual_sha=95d8779386ccc48287fb8bfec90b7befcffd2d25423c997e6279832b62045a6b expected_sha=95d8779386ccc48287fb8bfec90b7befcffd2d25423c997e6279832b62045a6b
fused_vs_aiter.dup_col: equal=False mismatch=5236/16384 max_abs=68 first=((0, 16), 231, 197) actual_sha=1ad19b14f0a7807f65405ba927b1545013c900babfb8ff43afbc1a52b8db188d expected_sha=2fcd578c5fedb8520e956524a9f47919dd1943d07261f17b23d645e697fb82fa
fused_vs_aiter.dup_col_scale: equal=False mismatch=344/1024 max_abs=2 first=((4, 0), 124, 125) actual_sha=a0289adc9a43b7291f9f4390aa6781eb485704016906a9f0838224893738a939 expected_sha=d0ca0de371466c8277639ffc344bf531a79b9e9c21f259ed1b3cf7f4929ccf43
fused_vs_lumen.dgate: equal=True mismatch=0/32768 max_abs=0.0 first=None actual_sha=2099f22c35ae71f80eb9aedd0987b8128d6cfe91e5da5e5e0c200b6c3e29b5ab expected_sha=2099f22c35ae71f80eb9aedd0987b8128d6cfe91e5da5e5e0c200b6c3e29b5ab
fused_vs_lumen.dup: equal=True mismatch=0/32768 max_abs=0.0 first=None actual_sha=3eabf11b8d019ed7710424e475bef74e77918eac7cde59542df62964477ee327 expected_sha=3eabf11b8d019ed7710424e475bef74e77918eac7cde59542df62964477ee327
fused_vs_lumen.dgate_row: equal=True mismatch=0/16384 max_abs=0 first=None actual_sha=a2cd4be6f8ae6d09297782963d2e305867f8fb54d1dbe6978bfa315baffc0f38 expected_sha=a2cd4be6f8ae6d09297782963d2e305867f8fb54d1dbe6978bfa315baffc0f38
fused_vs_lumen.dgate_row_scale: equal=True mismatch=0/1024 max_abs=0 first=None actual_sha=5177c5b65fafbe88f6d3233c82b61f6da7a713c5029f52eee010ce59a7504806 expected_sha=5177c5b65fafbe88f6d3233c82b61f6da7a713c5029f52eee010ce59a7504806
fused_vs_lumen.dgate_col: equal=False mismatch=5013/16384 max_abs=68 first=((0, 0), 60, 94) actual_sha=717c93451ff49f7910e8a1bb9e9f1c8a0f3a04b570aa405d29c061159067c89a expected_sha=101a237e0f1fa12951d0f380a3c2e4b6db0cec352d47cc008d447a9a91de78fc
fused_vs_lumen.dgate_col_scale: equal=False mismatch=310/1024 max_abs=2 first=((0, 0), 126, 125) actual_sha=3b76dca32cc2f1d6cd173e3b1148984e59658ed001708fbf222516d0831b8141 expected_sha=30da7b4622292832a031dde3714e817eeb3dab6788055aac873d0cb62ab84000
fused_vs_lumen.dup_row: equal=True mismatch=0/16384 max_abs=0 first=None actual_sha=3a3f50d5078d073df337e698b6b7f73d8847ea984ac73ade3d27a877a280c5d3 expected_sha=3a3f50d5078d073df337e698b6b7f73d8847ea984ac73ade3d27a877a280c5d3
fused_vs_lumen.dup_row_scale: equal=True mismatch=0/1024 max_abs=0 first=None actual_sha=95d8779386ccc48287fb8bfec90b7befcffd2d25423c997e6279832b62045a6b expected_sha=95d8779386ccc48287fb8bfec90b7befcffd2d25423c997e6279832b62045a6b
fused_vs_lumen.dup_col: equal=False mismatch=5236/16384 max_abs=68 first=((0, 16), 231, 197) actual_sha=1ad19b14f0a7807f65405ba927b1545013c900babfb8ff43afbc1a52b8db188d expected_sha=2fcd578c5fedb8520e956524a9f47919dd1943d07261f17b23d645e697fb82fa
fused_vs_lumen.dup_col_scale: equal=False mismatch=344/1024 max_abs=2 first=((4, 0), 124, 125) actual_sha=a0289adc9a43b7291f9f4390aa6781eb485704016906a9f0838224893738a939 expected_sha=d0ca0de371466c8277639ffc344bf531a79b9e9c21f259ed1b3cf7f4929ccf43
aiter_vs_lumen.dgate: equal=True mismatch=0/32768 max_abs=0.0 first=None actual_sha=2099f22c35ae71f80eb9aedd0987b8128d6cfe91e5da5e5e0c200b6c3e29b5ab expected_sha=2099f22c35ae71f80eb9aedd0987b8128d6cfe91e5da5e5e0c200b6c3e29b5ab
aiter_vs_lumen.dup: equal=True mismatch=0/32768 max_abs=0.0 first=None actual_sha=3eabf11b8d019ed7710424e475bef74e77918eac7cde59542df62964477ee327 expected_sha=3eabf11b8d019ed7710424e475bef74e77918eac7cde59542df62964477ee327
aiter_vs_lumen.dgate_row: equal=True mismatch=0/16384 max_abs=0 first=None actual_sha=a2cd4be6f8ae6d09297782963d2e305867f8fb54d1dbe6978bfa315baffc0f38 expected_sha=a2cd4be6f8ae6d09297782963d2e305867f8fb54d1dbe6978bfa315baffc0f38
aiter_vs_lumen.dgate_row_scale: equal=True mismatch=0/1024 max_abs=0 first=None actual_sha=5177c5b65fafbe88f6d3233c82b61f6da7a713c5029f52eee010ce59a7504806 expected_sha=5177c5b65fafbe88f6d3233c82b61f6da7a713c5029f52eee010ce59a7504806
aiter_vs_lumen.dgate_col: equal=True mismatch=0/16384 max_abs=0 first=None actual_sha=101a237e0f1fa12951d0f380a3c2e4b6db0cec352d47cc008d447a9a91de78fc expected_sha=101a237e0f1fa12951d0f380a3c2e4b6db0cec352d47cc008d447a9a91de78fc
aiter_vs_lumen.dgate_col_scale: equal=True mismatch=0/1024 max_abs=0 first=None actual_sha=30da7b4622292832a031dde3714e817eeb3dab6788055aac873d0cb62ab84000 expected_sha=30da7b4622292832a031dde3714e817eeb3dab6788055aac873d0cb62ab84000
aiter_vs_lumen.dup_row: equal=True mismatch=0/16384 max_abs=0 first=None actual_sha=3a3f50d5078d073df337e698b6b7f73d8847ea984ac73ade3d27a877a280c5d3 expected_sha=3a3f50d5078d073df337e698b6b7f73d8847ea984ac73ade3d27a877a280c5d3
aiter_vs_lumen.dup_row_scale: equal=True mismatch=0/1024 max_abs=0 first=None actual_sha=95d8779386ccc48287fb8bfec90b7befcffd2d25423c997e6279832b62045a6b expected_sha=95d8779386ccc48287fb8bfec90b7befcffd2d25423c997e6279832b62045a6b
aiter_vs_lumen.dup_col: equal=True mismatch=0/16384 max_abs=0 first=None actual_sha=2fcd578c5fedb8520e956524a9f47919dd1943d07261f17b23d645e697fb82fa expected_sha=2fcd578c5fedb8520e956524a9f47919dd1943d07261f17b23d645e697fb82fa
aiter_vs_lumen.dup_col_scale: equal=True mismatch=0/1024 max_abs=0 first=None actual_sha=d0ca0de371466c8277639ffc344bf531a79b9e9c21f259ed1b3cf7f4929ccf43 expected_sha=d0ca0de371466c8277639ffc344bf531a79b9e9c21f259ed1b3cf7f4929ccf43
CASE bwd_rtn_256x256
fused_vs_aiter.dgate: equal=True mismatch=0/65536 max_abs=0.0 first=None actual_sha=2b4bdd7129b8ce165ec02cc0de083dde5af93e9dfae1328dfa70d59ab09fa6cd expected_sha=2b4bdd7129b8ce165ec02cc0de083dde5af93e9dfae1328dfa70d59ab09fa6cd
fused_vs_aiter.dup: equal=True mismatch=0/65536 max_abs=0.0 first=None actual_sha=fe0972791dbf21801aca4bd543d5c2f65bf60a949133afc5e83ec286aac68a79 expected_sha=fe0972791dbf21801aca4bd543d5c2f65bf60a949133afc5e83ec286aac68a79
fused_vs_aiter.dgate_row: equal=True mismatch=0/32768 max_abs=0 first=None actual_sha=3f46ccf4a25fb063102c34504519c86dcbed1acce66bcd71877236eb2461c4f6 expected_sha=3f46ccf4a25fb063102c34504519c86dcbed1acce66bcd71877236eb2461c4f6
fused_vs_aiter.dgate_row_scale: equal=True mismatch=0/2048 max_abs=0 first=None actual_sha=92d028b71496b269fbf47dbd0175a7ebdc4930d2dbaf964c050009b30f861657 expected_sha=92d028b71496b269fbf47dbd0175a7ebdc4930d2dbaf964c050009b30f861657
fused_vs_aiter.dgate_col: equal=False mismatch=10334/32768 max_abs=68 first=((0, 2), 51, 85) actual_sha=46775c6048de24ae31e968007b3a5b2d4adb6629e838b4e81ec56f01136e7368 expected_sha=f8cc5915e7b4a4277324546d3753c7e384e3e17f91aa02c6e152ef23e81f1fc9
fused_vs_aiter.dgate_col_scale: equal=False mismatch=681/2048 max_abs=2 first=((0, 0), 126, 125) actual_sha=e7cc78e25eec02db6a04d6dc495299e4ea1fdf40cba681d415df37310bc8c325 expected_sha=e619029e1a1e400b3d76e3cc90f751d34a316b5499bd73144d5138e3e4343d5d
fused_vs_aiter.dup_row: equal=True mismatch=0/32768 max_abs=0 first=None actual_sha=89feee7ebbf8f2eb4f4633a9a4d3b3cf3ac2e801f72f9267ce650d93e8b1ac86 expected_sha=89feee7ebbf8f2eb4f4633a9a4d3b3cf3ac2e801f72f9267ce650d93e8b1ac86
fused_vs_aiter.dup_row_scale: equal=True mismatch=0/2048 max_abs=0 first=None actual_sha=b69553ffcd16362d28266c1c13d5561744066fcfc62b62123bfc5b367a54ba85 expected_sha=b69553ffcd16362d28266c1c13d5561744066fcfc62b62123bfc5b367a54ba85
fused_vs_aiter.dup_col: equal=False mismatch=10714/32768 max_abs=101 first=((0, 0), 32, 64) actual_sha=546be9ed2e3e02c6b2ff87fb4a70956afa6f0685843a9e2262d60fffccaa1b83 expected_sha=2c4337db2e3ff22a5728abbce769d75c82006de0576932063e1980693db47b26
fused_vs_aiter.dup_col_scale: equal=False mismatch=661/2048 max_abs=3 first=((0, 1), 126, 125) actual_sha=a1df1620eca45a3a20c2d256eaae993bc3e955e31e565b6d70f8c9e0acfd4911 expected_sha=40d31cc760d8b89d66b2989d7c2150db5750cb98958c0b35b032e578c2b05d3b
fused_vs_lumen.dgate: equal=True mismatch=0/65536 max_abs=0.0 first=None actual_sha=2b4bdd7129b8ce165ec02cc0de083dde5af93e9dfae1328dfa70d59ab09fa6cd expected_sha=2b4bdd7129b8ce165ec02cc0de083dde5af93e9dfae1328dfa70d59ab09fa6cd
fused_vs_lumen.dup: equal=True mismatch=0/65536 max_abs=0.0 first=None actual_sha=fe0972791dbf21801aca4bd543d5c2f65bf60a949133afc5e83ec286aac68a79 expected_sha=fe0972791dbf21801aca4bd543d5c2f65bf60a949133afc5e83ec286aac68a79
fused_vs_lumen.dgate_row: equal=True mismatch=0/32768 max_abs=0 first=None actual_sha=3f46ccf4a25fb063102c34504519c86dcbed1acce66bcd71877236eb2461c4f6 expected_sha=3f46ccf4a25fb063102c34504519c86dcbed1acce66bcd71877236eb2461c4f6
fused_vs_lumen.dgate_row_scale: equal=True mismatch=0/2048 max_abs=0 first=None actual_sha=92d028b71496b269fbf47dbd0175a7ebdc4930d2dbaf964c050009b30f861657 expected_sha=92d028b71496b269fbf47dbd0175a7ebdc4930d2dbaf964c050009b30f861657
fused_vs_lumen.dgate_col: equal=False mismatch=10334/32768 max_abs=68 first=((0, 2), 51, 85) actual_sha=46775c6048de24ae31e968007b3a5b2d4adb6629e838b4e81ec56f01136e7368 expected_sha=f8cc5915e7b4a4277324546d3753c7e384e3e17f91aa02c6e152ef23e81f1fc9
fused_vs_lumen.dgate_col_scale: equal=False mismatch=681/2048 max_abs=2 first=((0, 0), 126, 125) actual_sha=e7cc78e25eec02db6a04d6dc495299e4ea1fdf40cba681d415df37310bc8c325 expected_sha=e619029e1a1e400b3d76e3cc90f751d34a316b5499bd73144d5138e3e4343d5d
fused_vs_lumen.dup_row: equal=True mismatch=0/32768 max_abs=0 first=None actual_sha=89feee7ebbf8f2eb4f4633a9a4d3b3cf3ac2e801f72f9267ce650d93e8b1ac86 expected_sha=89feee7ebbf8f2eb4f4633a9a4d3b3cf3ac2e801f72f9267ce650d93e8b1ac86
fused_vs_lumen.dup_row_scale: equal=True mismatch=0/2048 max_abs=0 first=None actual_sha=b69553ffcd16362d28266c1c13d5561744066fcfc62b62123bfc5b367a54ba85 expected_sha=b69553ffcd16362d28266c1c13d5561744066fcfc62b62123bfc5b367a54ba85
fused_vs_lumen.dup_col: equal=False mismatch=10714/32768 max_abs=101 first=((0, 0), 32, 64) actual_sha=546be9ed2e3e02c6b2ff87fb4a70956afa6f0685843a9e2262d60fffccaa1b83 expected_sha=2c4337db2e3ff22a5728abbce769d75c82006de0576932063e1980693db47b26
fused_vs_lumen.dup_col_scale: equal=False mismatch=661/2048 max_abs=3 first=((0, 1), 126, 125) actual_sha=a1df1620eca45a3a20c2d256eaae993bc3e955e31e565b6d70f8c9e0acfd4911 expected_sha=40d31cc760d8b89d66b2989d7c2150db5750cb98958c0b35b032e578c2b05d3b
aiter_vs_lumen.dgate: equal=True mismatch=0/65536 max_abs=0.0 first=None actual_sha=2b4bdd7129b8ce165ec02cc0de083dde5af93e9dfae1328dfa70d59ab09fa6cd expected_sha=2b4bdd7129b8ce165ec02cc0de083dde5af93e9dfae1328dfa70d59ab09fa6cd
aiter_vs_lumen.dup: equal=True mismatch=0/65536 max_abs=0.0 first=None actual_sha=fe0972791dbf21801aca4bd543d5c2f65bf60a949133afc5e83ec286aac68a79 expected_sha=fe0972791dbf21801aca4bd543d5c2f65bf60a949133afc5e83ec286aac68a79
aiter_vs_lumen.dgate_row: equal=True mismatch=0/32768 max_abs=0 first=None actual_sha=3f46ccf4a25fb063102c34504519c86dcbed1acce66bcd71877236eb2461c4f6 expected_sha=3f46ccf4a25fb063102c34504519c86dcbed1acce66bcd71877236eb2461c4f6
aiter_vs_lumen.dgate_row_scale: equal=True mismatch=0/2048 max_abs=0 first=None actual_sha=92d028b71496b269fbf47dbd0175a7ebdc4930d2dbaf964c050009b30f861657 expected_sha=92d028b71496b269fbf47dbd0175a7ebdc4930d2dbaf964c050009b30f861657
aiter_vs_lumen.dgate_col: equal=True mismatch=0/32768 max_abs=0 first=None actual_sha=f8cc5915e7b4a4277324546d3753c7e384e3e17f91aa02c6e152ef23e81f1fc9 expected_sha=f8cc5915e7b4a4277324546d3753c7e384e3e17f91aa02c6e152ef23e81f1fc9
aiter_vs_lumen.dgate_col_scale: equal=True mismatch=0/2048 max_abs=0 first=None actual_sha=e619029e1a1e400b3d76e3cc90f751d34a316b5499bd73144d5138e3e4343d5d expected_sha=e619029e1a1e400b3d76e3cc90f751d34a316b5499bd73144d5138e3e4343d5d
aiter_vs_lumen.dup_row: equal=True mismatch=0/32768 max_abs=0 first=None actual_sha=89feee7ebbf8f2eb4f4633a9a4d3b3cf3ac2e801f72f9267ce650d93e8b1ac86 expected_sha=89feee7ebbf8f2eb4f4633a9a4d3b3cf3ac2e801f72f9267ce650d93e8b1ac86
aiter_vs_lumen.dup_row_scale: equal=True mismatch=0/2048 max_abs=0 first=None actual_sha=b69553ffcd16362d28266c1c13d5561744066fcfc62b62123bfc5b367a54ba85 expected_sha=b69553ffcd16362d28266c1c13d5561744066fcfc62b62123bfc5b367a54ba85
aiter_vs_lumen.dup_col: equal=True mismatch=0/32768 max_abs=0 first=None actual_sha=2c4337db2e3ff22a5728abbce769d75c82006de0576932063e1980693db47b26 expected_sha=2c4337db2e3ff22a5728abbce769d75c82006de0576932063e1980693db47b26
aiter_vs_lumen.dup_col_scale: equal=True mismatch=0/2048 max_abs=0 first=None actual_sha=40d31cc760d8b89d66b2989d7c2150db5750cb98958c0b35b032e578c2b05d3b expected_sha=40d31cc760d8b89d66b2989d7c2150db5750cb98958c0b35b032e578c2b05d3b
CASE bwd_sr_32x256
fused_vs_aiter.dgate: equal=True mismatch=0/8192 max_abs=0.0 first=None actual_sha=cc7e03602670deaca6fdf2f879c3fb3c6ba3fc19e763eda49196a3ad92c2e7f6 expected_sha=cc7e03602670deaca6fdf2f879c3fb3c6ba3fc19e763eda49196a3ad92c2e7f6
fused_vs_aiter.dup: equal=True mismatch=0/8192 max_abs=0.0 first=None actual_sha=93da76aa7a34162ecaba04d1523152b4360a1d8eae7f6292b16e891dfc3f84f0 expected_sha=93da76aa7a34162ecaba04d1523152b4360a1d8eae7f6292b16e891dfc3f84f0
fused_vs_aiter.dgate_row: equal=True mismatch=0/4096 max_abs=0 first=None actual_sha=975b370c66643713b8309d77b77f72c2445499eaa23a4dd1a56ae716b47c7864 expected_sha=975b370c66643713b8309d77b77f72c2445499eaa23a4dd1a56ae716b47c7864
fused_vs_aiter.dgate_row_scale: equal=True mismatch=0/256 max_abs=0 first=None actual_sha=52723bd479bde13e163a4e17fdcf9fb5e02ed443df8369fa5e63f4de50687e41 expected_sha=52723bd479bde13e163a4e17fdcf9fb5e02ed443df8369fa5e63f4de50687e41
fused_vs_aiter.dgate_col: equal=True mismatch=0/4096 max_abs=0 first=None actual_sha=ed81dbe099f313d4d77d4aa990aab607d4901e336558be9e17b4c8e657acc8e8 expected_sha=ed81dbe099f313d4d77d4aa990aab607d4901e336558be9e17b4c8e657acc8e8
fused_vs_aiter.dgate_col_scale: equal=True mismatch=0/256 max_abs=0 first=None actual_sha=da8f06fee86f2a838f51f937ff41136cb6adeb48eb9b2eff392de4b452417a3a expected_sha=da8f06fee86f2a838f51f937ff41136cb6adeb48eb9b2eff392de4b452417a3a
fused_vs_aiter.dup_row: equal=True mismatch=0/4096 max_abs=0 first=None actual_sha=bbcd95f950178677e499c933b77a1f969e98f529e01a5e17df49473801978982 expected_sha=bbcd95f950178677e499c933b77a1f969e98f529e01a5e17df49473801978982
fused_vs_aiter.dup_row_scale: equal=True mismatch=0/256 max_abs=0 first=None actual_sha=d8cd90aedeeb2a797ba46a4acfc0594419a4ab45482e837cf219438fe5484c3e expected_sha=d8cd90aedeeb2a797ba46a4acfc0594419a4ab45482e837cf219438fe5484c3e
fused_vs_aiter.dup_col: equal=True mismatch=0/4096 max_abs=0 first=None actual_sha=2a52fa4043b22d29222250209e832c4803061dba575ed61c1a4dc8bf6c3d73ca expected_sha=2a52fa4043b22d29222250209e832c4803061dba575ed61c1a4dc8bf6c3d73ca
fused_vs_aiter.dup_col_scale: equal=True mismatch=0/256 max_abs=0 first=None actual_sha=1a72e200c0f50cd82cbf4291c2be66a45651848acf292ad8fc32d038a7b23d21 expected_sha=1a72e200c0f50cd82cbf4291c2be66a45651848acf292ad8fc32d038a7b23d21
fused_vs_lumen.dgate: equal=True mismatch=0/8192 max_abs=0.0 first=None actual_sha=cc7e03602670deaca6fdf2f879c3fb3c6ba3fc19e763eda49196a3ad92c2e7f6 expected_sha=cc7e03602670deaca6fdf2f879c3fb3c6ba3fc19e763eda49196a3ad92c2e7f6
fused_vs_lumen.dup: equal=True mismatch=0/8192 max_abs=0.0 first=None actual_sha=93da76aa7a34162ecaba04d1523152b4360a1d8eae7f6292b16e891dfc3f84f0 expected_sha=93da76aa7a34162ecaba04d1523152b4360a1d8eae7f6292b16e891dfc3f84f0
fused_vs_lumen.dgate_row: equal=False mismatch=34/4096 max_abs=16 first=((0, 32), 128, 144) actual_sha=975b370c66643713b8309d77b77f72c2445499eaa23a4dd1a56ae716b47c7864 expected_sha=8c0879c4a0f9b6bd5398c97a1c4f8f69c46218a9901f39baef5d972305a3bbf1
fused_vs_lumen.dgate_row_scale: equal=True mismatch=0/256 max_abs=0 first=None actual_sha=52723bd479bde13e163a4e17fdcf9fb5e02ed443df8369fa5e63f4de50687e41 expected_sha=52723bd479bde13e163a4e17fdcf9fb5e02ed443df8369fa5e63f4de50687e41
fused_vs_lumen.dgate_col: equal=True mismatch=0/4096 max_abs=0 first=None actual_sha=ed81dbe099f313d4d77d4aa990aab607d4901e336558be9e17b4c8e657acc8e8 expected_sha=ed81dbe099f313d4d77d4aa990aab607d4901e336558be9e17b4c8e657acc8e8
fused_vs_lumen.dgate_col_scale: equal=True mismatch=0/256 max_abs=0 first=None actual_sha=da8f06fee86f2a838f51f937ff41136cb6adeb48eb9b2eff392de4b452417a3a expected_sha=da8f06fee86f2a838f51f937ff41136cb6adeb48eb9b2eff392de4b452417a3a
fused_vs_lumen.dup_row: equal=False mismatch=43/4096 max_abs=16 first=((0, 127), 143, 159) actual_sha=bbcd95f950178677e499c933b77a1f969e98f529e01a5e17df49473801978982 expected_sha=8a6932c485a22bc203c2c9db0b00d8a6fb6c348b814563fddb2af25a1b1d859f
fused_vs_lumen.dup_row_scale: equal=True mismatch=0/256 max_abs=0 first=None actual_sha=d8cd90aedeeb2a797ba46a4acfc0594419a4ab45482e837cf219438fe5484c3e expected_sha=d8cd90aedeeb2a797ba46a4acfc0594419a4ab45482e837cf219438fe5484c3e
fused_vs_lumen.dup_col: equal=True mismatch=0/4096 max_abs=0 first=None actual_sha=2a52fa4043b22d29222250209e832c4803061dba575ed61c1a4dc8bf6c3d73ca expected_sha=2a52fa4043b22d29222250209e832c4803061dba575ed61c1a4dc8bf6c3d73ca
fused_vs_lumen.dup_col_scale: equal=True mismatch=0/256 max_abs=0 first=None actual_sha=1a72e200c0f50cd82cbf4291c2be66a45651848acf292ad8fc32d038a7b23d21 expected_sha=1a72e200c0f50cd82cbf4291c2be66a45651848acf292ad8fc32d038a7b23d21
aiter_vs_lumen.dgate: equal=True mismatch=0/8192 max_abs=0.0 first=None actual_sha=cc7e03602670deaca6fdf2f879c3fb3c6ba3fc19e763eda49196a3ad92c2e7f6 expected_sha=cc7e03602670deaca6fdf2f879c3fb3c6ba3fc19e763eda49196a3ad92c2e7f6
aiter_vs_lumen.dup: equal=True mismatch=0/8192 max_abs=0.0 first=None actual_sha=93da76aa7a34162ecaba04d1523152b4360a1d8eae7f6292b16e891dfc3f84f0 expected_sha=93da76aa7a34162ecaba04d1523152b4360a1d8eae7f6292b16e891dfc3f84f0
aiter_vs_lumen.dgate_row: equal=False mismatch=34/4096 max_abs=16 first=((0, 32), 128, 144) actual_sha=975b370c66643713b8309d77b77f72c2445499eaa23a4dd1a56ae716b47c7864 expected_sha=8c0879c4a0f9b6bd5398c97a1c4f8f69c46218a9901f39baef5d972305a3bbf1
aiter_vs_lumen.dgate_row_scale: equal=True mismatch=0/256 max_abs=0 first=None actual_sha=52723bd479bde13e163a4e17fdcf9fb5e02ed443df8369fa5e63f4de50687e41 expected_sha=52723bd479bde13e163a4e17fdcf9fb5e02ed443df8369fa5e63f4de50687e41
aiter_vs_lumen.dgate_col: equal=True mismatch=0/4096 max_abs=0 first=None actual_sha=ed81dbe099f313d4d77d4aa990aab607d4901e336558be9e17b4c8e657acc8e8 expected_sha=ed81dbe099f313d4d77d4aa990aab607d4901e336558be9e17b4c8e657acc8e8
aiter_vs_lumen.dgate_col_scale: equal=True mismatch=0/256 max_abs=0 first=None actual_sha=da8f06fee86f2a838f51f937ff41136cb6adeb48eb9b2eff392de4b452417a3a expected_sha=da8f06fee86f2a838f51f937ff41136cb6adeb48eb9b2eff392de4b452417a3a
aiter_vs_lumen.dup_row: equal=False mismatch=43/4096 max_abs=16 first=((0, 127), 143, 159) actual_sha=bbcd95f950178677e499c933b77a1f969e98f529e01a5e17df49473801978982 expected_sha=8a6932c485a22bc203c2c9db0b00d8a6fb6c348b814563fddb2af25a1b1d859f
aiter_vs_lumen.dup_row_scale: equal=True mismatch=0/256 max_abs=0 first=None actual_sha=d8cd90aedeeb2a797ba46a4acfc0594419a4ab45482e837cf219438fe5484c3e expected_sha=d8cd90aedeeb2a797ba46a4acfc0594419a4ab45482e837cf219438fe5484c3e
aiter_vs_lumen.dup_col: equal=True mismatch=0/4096 max_abs=0 first=None actual_sha=2a52fa4043b22d29222250209e832c4803061dba575ed61c1a4dc8bf6c3d73ca expected_sha=2a52fa4043b22d29222250209e832c4803061dba575ed61c1a4dc8bf6c3d73ca
aiter_vs_lumen.dup_col_scale: equal=True mismatch=0/256 max_abs=0 first=None actual_sha=1a72e200c0f50cd82cbf4291c2be66a45651848acf292ad8fc32d038a7b23d21 expected_sha=1a72e200c0f50cd82cbf4291c2be66a45651848acf292ad8fc32d038a7b23d21
CASE bwd_sr_64x256
fused_vs_aiter.dgate: equal=True mismatch=0/16384 max_abs=0.0 first=None actual_sha=30966886d6f15f9656ac92d35c2bee3972eaf0c583ad84ca32ce454b79ac6c9b expected_sha=30966886d6f15f9656ac92d35c2bee3972eaf0c583ad84ca32ce454b79ac6c9b
fused_vs_aiter.dup: equal=True mismatch=0/16384 max_abs=0.0 first=None actual_sha=e1bf68390c0e83e85f5b3be0e2fdd576657af126046fd5471b62e47098dcefeb expected_sha=e1bf68390c0e83e85f5b3be0e2fdd576657af126046fd5471b62e47098dcefeb
fused_vs_aiter.dgate_row: equal=True mismatch=0/8192 max_abs=0 first=None actual_sha=283cc922d3ace33d59259143fb128d0e81251d3e2508259ee7d9a2309fd7cb30 expected_sha=283cc922d3ace33d59259143fb128d0e81251d3e2508259ee7d9a2309fd7cb30
fused_vs_aiter.dgate_row_scale: equal=True mismatch=0/512 max_abs=0 first=None actual_sha=6645e1554346ae42f9bf7e17717b184cab80abfe4d078ec4a74ee80dca797d82 expected_sha=6645e1554346ae42f9bf7e17717b184cab80abfe4d078ec4a74ee80dca797d82
fused_vs_aiter.dgate_col: equal=False mismatch=1854/8192 max_abs=68 first=((0, 4), 98, 65) actual_sha=dbc947b697487fe91e3608703b878c13ae750b5af24c0749957e2a0cb97deb05 expected_sha=206ab3df23108a796f113d02d911becbc70c53120c8f042b65aaf9ff03bf18f2
fused_vs_aiter.dgate_col_scale: equal=False mismatch=108/512 max_abs=2 first=((2, 0), 126, 125) actual_sha=79c980a8be11c987ef768b244e4c31112456b184b01dd60ba1bc4fedee92c2b0 expected_sha=3f5ef32f12419dafbb9011c7a4f1ce8fe4ef050f91fdaf904534aaa7d751db64
fused_vs_aiter.dup_row: equal=True mismatch=0/8192 max_abs=0 first=None actual_sha=9558c5449e16fc0a3766c2e147c25f727f46eb89663132969338b1bcd06af12c expected_sha=9558c5449e16fc0a3766c2e147c25f727f46eb89663132969338b1bcd06af12c
fused_vs_aiter.dup_row_scale: equal=True mismatch=0/512 max_abs=0 first=None actual_sha=fb3acdfed188e2852dba331341bbf9b83198d7dc669077954d6064dcc90ecdae expected_sha=fb3acdfed188e2852dba331341bbf9b83198d7dc669077954d6064dcc90ecdae
fused_vs_aiter.dup_col: equal=False mismatch=1963/8192 max_abs=68 first=((0, 16), 154, 137) actual_sha=5fce4b595ebdc382f08031f8efa3297643703020ff39af4d74f8d1715ffb7c98 expected_sha=ea076a9eef87d9b8f85282a14688bfc20ad4ab9feda8ee7c402c01061495314d
fused_vs_aiter.dup_col_scale: equal=False mismatch=116/512 max_abs=2 first=((4, 0), 125, 126) actual_sha=1571b104ede59ae5c822dbe3b583d4aec3e31d8b8987e6853ff8875c37f3dbfe expected_sha=dc68dc43cc62955fd0eae037089d373e17ec555fefb05156075e8a42a65ced0e
fused_vs_lumen.dgate: equal=True mismatch=0/16384 max_abs=0.0 first=None actual_sha=30966886d6f15f9656ac92d35c2bee3972eaf0c583ad84ca32ce454b79ac6c9b expected_sha=30966886d6f15f9656ac92d35c2bee3972eaf0c583ad84ca32ce454b79ac6c9b
fused_vs_lumen.dup: equal=True mismatch=0/16384 max_abs=0.0 first=None actual_sha=e1bf68390c0e83e85f5b3be0e2fdd576657af126046fd5471b62e47098dcefeb expected_sha=e1bf68390c0e83e85f5b3be0e2fdd576657af126046fd5471b62e47098dcefeb
fused_vs_lumen.dgate_row: equal=False mismatch=82/8192 max_abs=16 first=((0, 112), 9, 25) actual_sha=283cc922d3ace33d59259143fb128d0e81251d3e2508259ee7d9a2309fd7cb30 expected_sha=ebf1be5afb5f161cf9049df90203816d9e7bbf38d9a4a166206fe49484a1af03
fused_vs_lumen.dgate_row_scale: equal=True mismatch=0/512 max_abs=0 first=None actual_sha=6645e1554346ae42f9bf7e17717b184cab80abfe4d078ec4a74ee80dca797d82 expected_sha=6645e1554346ae42f9bf7e17717b184cab80abfe4d078ec4a74ee80dca797d82
fused_vs_lumen.dgate_col: equal=False mismatch=1854/8192 max_abs=68 first=((0, 4), 98, 65) actual_sha=dbc947b697487fe91e3608703b878c13ae750b5af24c0749957e2a0cb97deb05 expected_sha=206ab3df23108a796f113d02d911becbc70c53120c8f042b65aaf9ff03bf18f2
fused_vs_lumen.dgate_col_scale: equal=False mismatch=108/512 max_abs=2 first=((2, 0), 126, 125) actual_sha=79c980a8be11c987ef768b244e4c31112456b184b01dd60ba1bc4fedee92c2b0 expected_sha=3f5ef32f12419dafbb9011c7a4f1ce8fe4ef050f91fdaf904534aaa7d751db64
fused_vs_lumen.dup_row: equal=False mismatch=70/8192 max_abs=16 first=((0, 70), 17, 33) actual_sha=9558c5449e16fc0a3766c2e147c25f727f46eb89663132969338b1bcd06af12c expected_sha=c7e73c3349f10d536d9a7af2e41bacb3c745df5959d17c6e4805069498c66152
fused_vs_lumen.dup_row_scale: equal=True mismatch=0/512 max_abs=0 first=None actual_sha=fb3acdfed188e2852dba331341bbf9b83198d7dc669077954d6064dcc90ecdae expected_sha=fb3acdfed188e2852dba331341bbf9b83198d7dc669077954d6064dcc90ecdae
fused_vs_lumen.dup_col: equal=False mismatch=1963/8192 max_abs=68 first=((0, 16), 154, 137) actual_sha=5fce4b595ebdc382f08031f8efa3297643703020ff39af4d74f8d1715ffb7c98 expected_sha=ea076a9eef87d9b8f85282a14688bfc20ad4ab9feda8ee7c402c01061495314d
fused_vs_lumen.dup_col_scale: equal=False mismatch=116/512 max_abs=2 first=((4, 0), 125, 126) actual_sha=1571b104ede59ae5c822dbe3b583d4aec3e31d8b8987e6853ff8875c37f3dbfe expected_sha=dc68dc43cc62955fd0eae037089d373e17ec555fefb05156075e8a42a65ced0e
aiter_vs_lumen.dgate: equal=True mismatch=0/16384 max_abs=0.0 first=None actual_sha=30966886d6f15f9656ac92d35c2bee3972eaf0c583ad84ca32ce454b79ac6c9b expected_sha=30966886d6f15f9656ac92d35c2bee3972eaf0c583ad84ca32ce454b79ac6c9b
aiter_vs_lumen.dup: equal=True mismatch=0/16384 max_abs=0.0 first=None actual_sha=e1bf68390c0e83e85f5b3be0e2fdd576657af126046fd5471b62e47098dcefeb expected_sha=e1bf68390c0e83e85f5b3be0e2fdd576657af126046fd5471b62e47098dcefeb
aiter_vs_lumen.dgate_row: equal=False mismatch=82/8192 max_abs=16 first=((0, 112), 9, 25) actual_sha=283cc922d3ace33d59259143fb128d0e81251d3e2508259ee7d9a2309fd7cb30 expected_sha=ebf1be5afb5f161cf9049df90203816d9e7bbf38d9a4a166206fe49484a1af03
aiter_vs_lumen.dgate_row_scale: equal=True mismatch=0/512 max_abs=0 first=None actual_sha=6645e1554346ae42f9bf7e17717b184cab80abfe4d078ec4a74ee80dca797d82 expected_sha=6645e1554346ae42f9bf7e17717b184cab80abfe4d078ec4a74ee80dca797d82
aiter_vs_lumen.dgate_col: equal=True mismatch=0/8192 max_abs=0 first=None actual_sha=206ab3df23108a796f113d02d911becbc70c53120c8f042b65aaf9ff03bf18f2 expected_sha=206ab3df23108a796f113d02d911becbc70c53120c8f042b65aaf9ff03bf18f2
aiter_vs_lumen.dgate_col_scale: equal=True mismatch=0/512 max_abs=0 first=None actual_sha=3f5ef32f12419dafbb9011c7a4f1ce8fe4ef050f91fdaf904534aaa7d751db64 expected_sha=3f5ef32f12419dafbb9011c7a4f1ce8fe4ef050f91fdaf904534aaa7d751db64
aiter_vs_lumen.dup_row: equal=False mismatch=70/8192 max_abs=16 first=((0, 70), 17, 33) actual_sha=9558c5449e16fc0a3766c2e147c25f727f46eb89663132969338b1bcd06af12c expected_sha=c7e73c3349f10d536d9a7af2e41bacb3c745df5959d17c6e4805069498c66152
aiter_vs_lumen.dup_row_scale: equal=True mismatch=0/512 max_abs=0 first=None actual_sha=fb3acdfed188e2852dba331341bbf9b83198d7dc669077954d6064dcc90ecdae expected_sha=fb3acdfed188e2852dba331341bbf9b83198d7dc669077954d6064dcc90ecdae
aiter_vs_lumen.dup_col: equal=True mismatch=0/8192 max_abs=0 first=None actual_sha=ea076a9eef87d9b8f85282a14688bfc20ad4ab9feda8ee7c402c01061495314d expected_sha=ea076a9eef87d9b8f85282a14688bfc20ad4ab9feda8ee7c402c01061495314d
aiter_vs_lumen.dup_col_scale: equal=True mismatch=0/512 max_abs=0 first=None actual_sha=dc68dc43cc62955fd0eae037089d373e17ec555fefb05156075e8a42a65ced0e expected_sha=dc68dc43cc62955fd0eae037089d373e17ec555fefb05156075e8a42a65ced0e
CASE bwd_sr_96x256
fused_vs_aiter.dgate: equal=True mismatch=0/24576 max_abs=0.0 first=None actual_sha=11c41acbd780d4a8de65867b4a22b62f759efee7027498193c0a152c497c293e expected_sha=11c41acbd780d4a8de65867b4a22b62f759efee7027498193c0a152c497c293e
fused_vs_aiter.dup: equal=True mismatch=0/24576 max_abs=0.0 first=None actual_sha=a6fc01bfc1901761d13098a93136c4a4e99c5f2735157bfd6fcf683b57df09c3 expected_sha=a6fc01bfc1901761d13098a93136c4a4e99c5f2735157bfd6fcf683b57df09c3
fused_vs_aiter.dgate_row: equal=True mismatch=0/12288 max_abs=0 first=None actual_sha=1bb6732056c8ecf123258fb2538781db87d843b213f0710359938423334ea564 expected_sha=1bb6732056c8ecf123258fb2538781db87d843b213f0710359938423334ea564
fused_vs_aiter.dgate_row_scale: equal=True mismatch=0/768 max_abs=0 first=None actual_sha=e61a81cfa99e0fbe5580408dff05bc09c2954c3dc634ba50324637d2bcef46a4 expected_sha=e61a81cfa99e0fbe5580408dff05bc09c2954c3dc634ba50324637d2bcef46a4
fused_vs_aiter.dgate_col: equal=True mismatch=0/12288 max_abs=0 first=None actual_sha=81cd615136f1328bd5813866bd6cd87038de31de35911dc333b34cf6c548c8cf expected_sha=81cd615136f1328bd5813866bd6cd87038de31de35911dc333b34cf6c548c8cf
fused_vs_aiter.dgate_col_scale: equal=True mismatch=0/768 max_abs=0 first=None actual_sha=8d558da107f39ad7c9e55a48f9600b7c7be264df7b00a003161b6ea36b57a739 expected_sha=8d558da107f39ad7c9e55a48f9600b7c7be264df7b00a003161b6ea36b57a739
fused_vs_aiter.dup_row: equal=True mismatch=0/12288 max_abs=0 first=None actual_sha=7c38f90f1bb6d5671dc10b9adfd93f661c68e46e92e908b7194852abb921a18c expected_sha=7c38f90f1bb6d5671dc10b9adfd93f661c68e46e92e908b7194852abb921a18c
fused_vs_aiter.dup_row_scale: equal=True mismatch=0/768 max_abs=0 first=None actual_sha=ee7aa7b583f64538d1ecb62ff1a48125e93c975e313ce9bc2ac42f6684b79747 expected_sha=ee7aa7b583f64538d1ecb62ff1a48125e93c975e313ce9bc2ac42f6684b79747
fused_vs_aiter.dup_col: equal=True mismatch=0/12288 max_abs=0 first=None actual_sha=04e5b0ac5136a02238000b92b2572fe20d7ad8f78c1b433840eea25f18f35268 expected_sha=04e5b0ac5136a02238000b92b2572fe20d7ad8f78c1b433840eea25f18f35268
fused_vs_aiter.dup_col_scale: equal=True mismatch=0/768 max_abs=0 first=None actual_sha=f973457b6ff6e69fb05382422c5a75a34607302368f511e622a289bd6edc4bde expected_sha=f973457b6ff6e69fb05382422c5a75a34607302368f511e622a289bd6edc4bde
fused_vs_lumen.dgate: equal=True mismatch=0/24576 max_abs=0.0 first=None actual_sha=11c41acbd780d4a8de65867b4a22b62f759efee7027498193c0a152c497c293e expected_sha=11c41acbd780d4a8de65867b4a22b62f759efee7027498193c0a152c497c293e
fused_vs_lumen.dup: equal=True mismatch=0/24576 max_abs=0.0 first=None actual_sha=a6fc01bfc1901761d13098a93136c4a4e99c5f2735157bfd6fcf683b57df09c3 expected_sha=a6fc01bfc1901761d13098a93136c4a4e99c5f2735157bfd6fcf683b57df09c3
fused_vs_lumen.dgate_row: equal=False mismatch=113/12288 max_abs=16 first=((1, 66), 8, 24) actual_sha=1bb6732056c8ecf123258fb2538781db87d843b213f0710359938423334ea564 expected_sha=5c2e96b914c958e77d8589507090d5ec6928d302eba208d88073e3c01102697f
fused_vs_lumen.dgate_row_scale: equal=True mismatch=0/768 max_abs=0 first=None actual_sha=e61a81cfa99e0fbe5580408dff05bc09c2954c3dc634ba50324637d2bcef46a4 expected_sha=e61a81cfa99e0fbe5580408dff05bc09c2954c3dc634ba50324637d2bcef46a4
fused_vs_lumen.dgate_col: equal=False mismatch=5966/12288 max_abs=17 first=((0, 17), 144, 145) actual_sha=81cd615136f1328bd5813866bd6cd87038de31de35911dc333b34cf6c548c8cf expected_sha=0d5099fd52d814f27926b804560f5780d76b679613613b1b3bf8a435fa2e9019
fused_vs_lumen.dgate_col_scale: equal=True mismatch=0/768 max_abs=0 first=None actual_sha=8d558da107f39ad7c9e55a48f9600b7c7be264df7b00a003161b6ea36b57a739 expected_sha=8d558da107f39ad7c9e55a48f9600b7c7be264df7b00a003161b6ea36b57a739
fused_vs_lumen.dup_row: equal=False mismatch=114/12288 max_abs=16 first=((0, 68), 40, 41) actual_sha=7c38f90f1bb6d5671dc10b9adfd93f661c68e46e92e908b7194852abb921a18c expected_sha=3b4ffa8ed5062b814e394f2c07cf0ed615a30a04318f2f55ea79767567e124fc
fused_vs_lumen.dup_row_scale: equal=True mismatch=0/768 max_abs=0 first=None actual_sha=ee7aa7b583f64538d1ecb62ff1a48125e93c975e313ce9bc2ac42f6684b79747 expected_sha=ee7aa7b583f64538d1ecb62ff1a48125e93c975e313ce9bc2ac42f6684b79747
fused_vs_lumen.dup_col: equal=False mismatch=6052/12288 max_abs=17 first=((0, 18), 2, 18) actual_sha=04e5b0ac5136a02238000b92b2572fe20d7ad8f78c1b433840eea25f18f35268 expected_sha=67f7923aa669f17361a86d295548f0625f20c04cf0f8b1b3a5a936a8c7c33e7e
fused_vs_lumen.dup_col_scale: equal=True mismatch=0/768 max_abs=0 first=None actual_sha=f973457b6ff6e69fb05382422c5a75a34607302368f511e622a289bd6edc4bde expected_sha=f973457b6ff6e69fb05382422c5a75a34607302368f511e622a289bd6edc4bde
aiter_vs_lumen.dgate: equal=True mismatch=0/24576 max_abs=0.0 first=None actual_sha=11c41acbd780d4a8de65867b4a22b62f759efee7027498193c0a152c497c293e expected_sha=11c41acbd780d4a8de65867b4a22b62f759efee7027498193c0a152c497c293e
aiter_vs_lumen.dup: equal=True mismatch=0/24576 max_abs=0.0 first=None actual_sha=a6fc01bfc1901761d13098a93136c4a4e99c5f2735157bfd6fcf683b57df09c3 expected_sha=a6fc01bfc1901761d13098a93136c4a4e99c5f2735157bfd6fcf683b57df09c3
aiter_vs_lumen.dgate_row: equal=False mismatch=113/12288 max_abs=16 first=((1, 66), 8, 24) actual_sha=1bb6732056c8ecf123258fb2538781db87d843b213f0710359938423334ea564 expected_sha=5c2e96b914c958e77d8589507090d5ec6928d302eba208d88073e3c01102697f
aiter_vs_lumen.dgate_row_scale: equal=True mismatch=0/768 max_abs=0 first=None actual_sha=e61a81cfa99e0fbe5580408dff05bc09c2954c3dc634ba50324637d2bcef46a4 expected_sha=e61a81cfa99e0fbe5580408dff05bc09c2954c3dc634ba50324637d2bcef46a4
aiter_vs_lumen.dgate_col: equal=False mismatch=5966/12288 max_abs=17 first=((0, 17), 144, 145) actual_sha=81cd615136f1328bd5813866bd6cd87038de31de35911dc333b34cf6c548c8cf expected_sha=0d5099fd52d814f27926b804560f5780d76b679613613b1b3bf8a435fa2e9019
aiter_vs_lumen.dgate_col_scale: equal=True mismatch=0/768 max_abs=0 first=None actual_sha=8d558da107f39ad7c9e55a48f9600b7c7be264df7b00a003161b6ea36b57a739 expected_sha=8d558da107f39ad7c9e55a48f9600b7c7be264df7b00a003161b6ea36b57a739
aiter_vs_lumen.dup_row: equal=False mismatch=114/12288 max_abs=16 first=((0, 68), 40, 41) actual_sha=7c38f90f1bb6d5671dc10b9adfd93f661c68e46e92e908b7194852abb921a18c expected_sha=3b4ffa8ed5062b814e394f2c07cf0ed615a30a04318f2f55ea79767567e124fc
aiter_vs_lumen.dup_row_scale: equal=True mismatch=0/768 max_abs=0 first=None actual_sha=ee7aa7b583f64538d1ecb62ff1a48125e93c975e313ce9bc2ac42f6684b79747 expected_sha=ee7aa7b583f64538d1ecb62ff1a48125e93c975e313ce9bc2ac42f6684b79747
aiter_vs_lumen.dup_col: equal=False mismatch=6052/12288 max_abs=17 first=((0, 18), 2, 18) actual_sha=04e5b0ac5136a02238000b92b2572fe20d7ad8f78c1b433840eea25f18f35268 expected_sha=67f7923aa669f17361a86d295548f0625f20c04cf0f8b1b3a5a936a8c7c33e7e
aiter_vs_lumen.dup_col_scale: equal=True mismatch=0/768 max_abs=0 first=None actual_sha=f973457b6ff6e69fb05382422c5a75a34607302368f511e622a289bd6edc4bde expected_sha=f973457b6ff6e69fb05382422c5a75a34607302368f511e622a289bd6edc4bde
CASE bwd_sr_128x256
fused_vs_aiter.dgate: equal=True mismatch=0/32768 max_abs=0.0 first=None actual_sha=2099f22c35ae71f80eb9aedd0987b8128d6cfe91e5da5e5e0c200b6c3e29b5ab expected_sha=2099f22c35ae71f80eb9aedd0987b8128d6cfe91e5da5e5e0c200b6c3e29b5ab
fused_vs_aiter.dup: equal=True mismatch=0/32768 max_abs=0.0 first=None actual_sha=3eabf11b8d019ed7710424e475bef74e77918eac7cde59542df62964477ee327 expected_sha=3eabf11b8d019ed7710424e475bef74e77918eac7cde59542df62964477ee327
fused_vs_aiter.dgate_row: equal=True mismatch=0/16384 max_abs=0 first=None actual_sha=32590fcd73dd45083dcf435ca61f953c6ef79c0dbae206813b34b8744574d622 expected_sha=32590fcd73dd45083dcf435ca61f953c6ef79c0dbae206813b34b8744574d622
fused_vs_aiter.dgate_row_scale: equal=True mismatch=0/1024 max_abs=0 first=None actual_sha=5177c5b65fafbe88f6d3233c82b61f6da7a713c5029f52eee010ce59a7504806 expected_sha=5177c5b65fafbe88f6d3233c82b61f6da7a713c5029f52eee010ce59a7504806
fused_vs_aiter.dgate_col: equal=False mismatch=5020/16384 max_abs=68 first=((0, 0), 61, 95) actual_sha=59805780bfc7de25d16065f45791f05b2f93f85c1c13338c4e4ce466c063bfbf expected_sha=4dc14d370937a09981018754159f52778e94e45fbaaaa51f038a95dc97677a73
fused_vs_aiter.dgate_col_scale: equal=False mismatch=310/1024 max_abs=2 first=((0, 0), 126, 125) actual_sha=3b76dca32cc2f1d6cd173e3b1148984e59658ed001708fbf222516d0831b8141 expected_sha=30da7b4622292832a031dde3714e817eeb3dab6788055aac873d0cb62ab84000
fused_vs_aiter.dup_row: equal=True mismatch=0/16384 max_abs=0 first=None actual_sha=e64165d52448574c249900c118b21168a248212629e0dcc667fa88dea359f25d expected_sha=e64165d52448574c249900c118b21168a248212629e0dcc667fa88dea359f25d
fused_vs_aiter.dup_row_scale: equal=True mismatch=0/1024 max_abs=0 first=None actual_sha=95d8779386ccc48287fb8bfec90b7befcffd2d25423c997e6279832b62045a6b expected_sha=95d8779386ccc48287fb8bfec90b7befcffd2d25423c997e6279832b62045a6b
fused_vs_aiter.dup_col: equal=False mismatch=5238/16384 max_abs=68 first=((0, 16), 230, 196) actual_sha=02e399bd1a7edf15421782b3bcc4e44cec668142b0a9a235c67115c62b257a5f expected_sha=c8b5d99ba8c0623172fa43983c029c5ccd9bbac1a0b03621bd94a91f0109992c
fused_vs_aiter.dup_col_scale: equal=False mismatch=344/1024 max_abs=2 first=((4, 0), 124, 125) actual_sha=a0289adc9a43b7291f9f4390aa6781eb485704016906a9f0838224893738a939 expected_sha=d0ca0de371466c8277639ffc344bf531a79b9e9c21f259ed1b3cf7f4929ccf43
fused_vs_lumen.dgate: equal=True mismatch=0/32768 max_abs=0.0 first=None actual_sha=2099f22c35ae71f80eb9aedd0987b8128d6cfe91e5da5e5e0c200b6c3e29b5ab expected_sha=2099f22c35ae71f80eb9aedd0987b8128d6cfe91e5da5e5e0c200b6c3e29b5ab
fused_vs_lumen.dup: equal=True mismatch=0/32768 max_abs=0.0 first=None actual_sha=3eabf11b8d019ed7710424e475bef74e77918eac7cde59542df62964477ee327 expected_sha=3eabf11b8d019ed7710424e475bef74e77918eac7cde59542df62964477ee327
fused_vs_lumen.dgate_row: equal=False mismatch=159/16384 max_abs=17 first=((0, 50), 136, 152) actual_sha=32590fcd73dd45083dcf435ca61f953c6ef79c0dbae206813b34b8744574d622 expected_sha=d59df4fae364a1c6520891325adf203b054d2ef7323566dba8e26261a5ad28f4
fused_vs_lumen.dgate_row_scale: equal=True mismatch=0/1024 max_abs=0 first=None actual_sha=5177c5b65fafbe88f6d3233c82b61f6da7a713c5029f52eee010ce59a7504806 expected_sha=5177c5b65fafbe88f6d3233c82b61f6da7a713c5029f52eee010ce59a7504806
fused_vs_lumen.dgate_col: equal=False mismatch=5020/16384 max_abs=68 first=((0, 0), 61, 95) actual_sha=59805780bfc7de25d16065f45791f05b2f93f85c1c13338c4e4ce466c063bfbf expected_sha=4dc14d370937a09981018754159f52778e94e45fbaaaa51f038a95dc97677a73
fused_vs_lumen.dgate_col_scale: equal=False mismatch=310/1024 max_abs=2 first=((0, 0), 126, 125) actual_sha=3b76dca32cc2f1d6cd173e3b1148984e59658ed001708fbf222516d0831b8141 expected_sha=30da7b4622292832a031dde3714e817eeb3dab6788055aac873d0cb62ab84000
fused_vs_lumen.dup_row: equal=False mismatch=162/16384 max_abs=17 first=((2, 64), 0, 16) actual_sha=e64165d52448574c249900c118b21168a248212629e0dcc667fa88dea359f25d expected_sha=7d99d3a04e78d8be6a4ba5f5d7fd3d53543cc3a0f6b7d84f96b0ac75643a3161
fused_vs_lumen.dup_row_scale: equal=True mismatch=0/1024 max_abs=0 first=None actual_sha=95d8779386ccc48287fb8bfec90b7befcffd2d25423c997e6279832b62045a6b expected_sha=95d8779386ccc48287fb8bfec90b7befcffd2d25423c997e6279832b62045a6b
fused_vs_lumen.dup_col: equal=False mismatch=5238/16384 max_abs=68 first=((0, 16), 230, 196) actual_sha=02e399bd1a7edf15421782b3bcc4e44cec668142b0a9a235c67115c62b257a5f expected_sha=c8b5d99ba8c0623172fa43983c029c5ccd9bbac1a0b03621bd94a91f0109992c
fused_vs_lumen.dup_col_scale: equal=False mismatch=344/1024 max_abs=2 first=((4, 0), 124, 125) actual_sha=a0289adc9a43b7291f9f4390aa6781eb485704016906a9f0838224893738a939 expected_sha=d0ca0de371466c8277639ffc344bf531a79b9e9c21f259ed1b3cf7f4929ccf43
aiter_vs_lumen.dgate: equal=True mismatch=0/32768 max_abs=0.0 first=None actual_sha=2099f22c35ae71f80eb9aedd0987b8128d6cfe91e5da5e5e0c200b6c3e29b5ab expected_sha=2099f22c35ae71f80eb9aedd0987b8128d6cfe91e5da5e5e0c200b6c3e29b5ab
aiter_vs_lumen.dup: equal=True mismatch=0/32768 max_abs=0.0 first=None actual_sha=3eabf11b8d019ed7710424e475bef74e77918eac7cde59542df62964477ee327 expected_sha=3eabf11b8d019ed7710424e475bef74e77918eac7cde59542df62964477ee327
aiter_vs_lumen.dgate_row: equal=False mismatch=159/16384 max_abs=17 first=((0, 50), 136, 152) actual_sha=32590fcd73dd45083dcf435ca61f953c6ef79c0dbae206813b34b8744574d622 expected_sha=d59df4fae364a1c6520891325adf203b054d2ef7323566dba8e26261a5ad28f4
aiter_vs_lumen.dgate_row_scale: equal=True mismatch=0/1024 max_abs=0 first=None actual_sha=5177c5b65fafbe88f6d3233c82b61f6da7a713c5029f52eee010ce59a7504806 expected_sha=5177c5b65fafbe88f6d3233c82b61f6da7a713c5029f52eee010ce59a7504806
aiter_vs_lumen.dgate_col: equal=True mismatch=0/16384 max_abs=0 first=None actual_sha=4dc14d370937a09981018754159f52778e94e45fbaaaa51f038a95dc97677a73 expected_sha=4dc14d370937a09981018754159f52778e94e45fbaaaa51f038a95dc97677a73
aiter_vs_lumen.dgate_col_scale: equal=True mismatch=0/1024 max_abs=0 first=None actual_sha=30da7b4622292832a031dde3714e817eeb3dab6788055aac873d0cb62ab84000 expected_sha=30da7b4622292832a031dde3714e817eeb3dab6788055aac873d0cb62ab84000
aiter_vs_lumen.dup_row: equal=False mismatch=162/16384 max_abs=17 first=((2, 64), 0, 16) actual_sha=e64165d52448574c249900c118b21168a248212629e0dcc667fa88dea359f25d expected_sha=7d99d3a04e78d8be6a4ba5f5d7fd3d53543cc3a0f6b7d84f96b0ac75643a3161
aiter_vs_lumen.dup_row_scale: equal=True mismatch=0/1024 max_abs=0 first=None actual_sha=95d8779386ccc48287fb8bfec90b7befcffd2d25423c997e6279832b62045a6b expected_sha=95d8779386ccc48287fb8bfec90b7befcffd2d25423c997e6279832b62045a6b
aiter_vs_lumen.dup_col: equal=True mismatch=0/16384 max_abs=0 first=None actual_sha=c8b5d99ba8c0623172fa43983c029c5ccd9bbac1a0b03621bd94a91f0109992c expected_sha=c8b5d99ba8c0623172fa43983c029c5ccd9bbac1a0b03621bd94a91f0109992c
aiter_vs_lumen.dup_col_scale: equal=True mismatch=0/1024 max_abs=0 first=None actual_sha=d0ca0de371466c8277639ffc344bf531a79b9e9c21f259ed1b3cf7f4929ccf43 expected_sha=d0ca0de371466c8277639ffc344bf531a79b9e9c21f259ed1b3cf7f4929ccf43
CASE bwd_sr_256x256
fused_vs_aiter.dgate: equal=True mismatch=0/65536 max_abs=0.0 first=None actual_sha=2b4bdd7129b8ce165ec02cc0de083dde5af93e9dfae1328dfa70d59ab09fa6cd expected_sha=2b4bdd7129b8ce165ec02cc0de083dde5af93e9dfae1328dfa70d59ab09fa6cd
fused_vs_aiter.dup: equal=True mismatch=0/65536 max_abs=0.0 first=None actual_sha=fe0972791dbf21801aca4bd543d5c2f65bf60a949133afc5e83ec286aac68a79 expected_sha=fe0972791dbf21801aca4bd543d5c2f65bf60a949133afc5e83ec286aac68a79
fused_vs_aiter.dgate_row: equal=True mismatch=0/32768 max_abs=0 first=None actual_sha=ec1ea704d0ff660f20261b477f2bf672ac6cc525a88e1915f34fd47dbfb22c45 expected_sha=ec1ea704d0ff660f20261b477f2bf672ac6cc525a88e1915f34fd47dbfb22c45
fused_vs_aiter.dgate_row_scale: equal=True mismatch=0/2048 max_abs=0 first=None actual_sha=92d028b71496b269fbf47dbd0175a7ebdc4930d2dbaf964c050009b30f861657 expected_sha=92d028b71496b269fbf47dbd0175a7ebdc4930d2dbaf964c050009b30f861657
fused_vs_aiter.dgate_col: equal=False mismatch=10370/32768 max_abs=68 first=((0, 2), 51, 85) actual_sha=e6cc86e035bf51c8a5630b7bffcf2a2206d0e2790ed4b44e08cb9031883d8c75 expected_sha=958e61f8197b5d66f6db773230532f623a6d7f080a5c5448e0316f5231f9b952
fused_vs_aiter.dgate_col_scale: equal=False mismatch=681/2048 max_abs=2 first=((0, 0), 126, 125) actual_sha=e7cc78e25eec02db6a04d6dc495299e4ea1fdf40cba681d415df37310bc8c325 expected_sha=e619029e1a1e400b3d76e3cc90f751d34a316b5499bd73144d5138e3e4343d5d
fused_vs_aiter.dup_row: equal=True mismatch=0/32768 max_abs=0 first=None actual_sha=7ce1c2b9bc71668b8160bde854d22df4d602ccab447a90cd96689ab3b270d5f5 expected_sha=7ce1c2b9bc71668b8160bde854d22df4d602ccab447a90cd96689ab3b270d5f5
fused_vs_aiter.dup_row_scale: equal=True mismatch=0/2048 max_abs=0 first=None actual_sha=b69553ffcd16362d28266c1c13d5561744066fcfc62b62123bfc5b367a54ba85 expected_sha=b69553ffcd16362d28266c1c13d5561744066fcfc62b62123bfc5b367a54ba85
fused_vs_aiter.dup_col: equal=False mismatch=10693/32768 max_abs=85 first=((0, 0), 32, 64) actual_sha=4f057fd7a4d2bf3285c17c96766d2548371bd72e7bcdedea5829a46b5f8a0e44 expected_sha=2ac05e0b49a57ede13b1b5cf3736096bc1b09a03009a7d38350b61151b4ebdb2
fused_vs_aiter.dup_col_scale: equal=False mismatch=661/2048 max_abs=3 first=((0, 1), 126, 125) actual_sha=a1df1620eca45a3a20c2d256eaae993bc3e955e31e565b6d70f8c9e0acfd4911 expected_sha=40d31cc760d8b89d66b2989d7c2150db5750cb98958c0b35b032e578c2b05d3b
fused_vs_lumen.dgate: equal=True mismatch=0/65536 max_abs=0.0 first=None actual_sha=2b4bdd7129b8ce165ec02cc0de083dde5af93e9dfae1328dfa70d59ab09fa6cd expected_sha=2b4bdd7129b8ce165ec02cc0de083dde5af93e9dfae1328dfa70d59ab09fa6cd
fused_vs_lumen.dup: equal=True mismatch=0/65536 max_abs=0.0 first=None actual_sha=fe0972791dbf21801aca4bd543d5c2f65bf60a949133afc5e83ec286aac68a79 expected_sha=fe0972791dbf21801aca4bd543d5c2f65bf60a949133afc5e83ec286aac68a79
fused_vs_lumen.dgate_row: equal=False mismatch=313/32768 max_abs=17 first=((0, 85), 128, 144) actual_sha=ec1ea704d0ff660f20261b477f2bf672ac6cc525a88e1915f34fd47dbfb22c45 expected_sha=d2bb888d384fada8f96a791111fc67d22cc1fc20d6a57cf4762a3854a910c72c
fused_vs_lumen.dgate_row_scale: equal=True mismatch=0/2048 max_abs=0 first=None actual_sha=92d028b71496b269fbf47dbd0175a7ebdc4930d2dbaf964c050009b30f861657 expected_sha=92d028b71496b269fbf47dbd0175a7ebdc4930d2dbaf964c050009b30f861657
fused_vs_lumen.dgate_col: equal=False mismatch=10370/32768 max_abs=68 first=((0, 2), 51, 85) actual_sha=e6cc86e035bf51c8a5630b7bffcf2a2206d0e2790ed4b44e08cb9031883d8c75 expected_sha=958e61f8197b5d66f6db773230532f623a6d7f080a5c5448e0316f5231f9b952
fused_vs_lumen.dgate_col_scale: equal=False mismatch=681/2048 max_abs=2 first=((0, 0), 126, 125) actual_sha=e7cc78e25eec02db6a04d6dc495299e4ea1fdf40cba681d415df37310bc8c325 expected_sha=e619029e1a1e400b3d76e3cc90f751d34a316b5499bd73144d5138e3e4343d5d
fused_vs_lumen.dup_row: equal=False mismatch=280/32768 max_abs=17 first=((0, 60), 8, 9) actual_sha=7ce1c2b9bc71668b8160bde854d22df4d602ccab447a90cd96689ab3b270d5f5 expected_sha=753713ce1ecaaaa0f4371ae09f4354885330b18f5eb5dc89a1eb8df0ff19121e
fused_vs_lumen.dup_row_scale: equal=True mismatch=0/2048 max_abs=0 first=None actual_sha=b69553ffcd16362d28266c1c13d5561744066fcfc62b62123bfc5b367a54ba85 expected_sha=b69553ffcd16362d28266c1c13d5561744066fcfc62b62123bfc5b367a54ba85
fused_vs_lumen.dup_col: equal=False mismatch=10693/32768 max_abs=85 first=((0, 0), 32, 64) actual_sha=4f057fd7a4d2bf3285c17c96766d2548371bd72e7bcdedea5829a46b5f8a0e44 expected_sha=2ac05e0b49a57ede13b1b5cf3736096bc1b09a03009a7d38350b61151b4ebdb2
fused_vs_lumen.dup_col_scale: equal=False mismatch=661/2048 max_abs=3 first=((0, 1), 126, 125) actual_sha=a1df1620eca45a3a20c2d256eaae993bc3e955e31e565b6d70f8c9e0acfd4911 expected_sha=40d31cc760d8b89d66b2989d7c2150db5750cb98958c0b35b032e578c2b05d3b
aiter_vs_lumen.dgate: equal=True mismatch=0/65536 max_abs=0.0 first=None actual_sha=2b4bdd7129b8ce165ec02cc0de083dde5af93e9dfae1328dfa70d59ab09fa6cd expected_sha=2b4bdd7129b8ce165ec02cc0de083dde5af93e9dfae1328dfa70d59ab09fa6cd
aiter_vs_lumen.dup: equal=True mismatch=0/65536 max_abs=0.0 first=None actual_sha=fe0972791dbf21801aca4bd543d5c2f65bf60a949133afc5e83ec286aac68a79 expected_sha=fe0972791dbf21801aca4bd543d5c2f65bf60a949133afc5e83ec286aac68a79
aiter_vs_lumen.dgate_row: equal=False mismatch=313/32768 max_abs=17 first=((0, 85), 128, 144) actual_sha=ec1ea704d0ff660f20261b477f2bf672ac6cc525a88e1915f34fd47dbfb22c45 expected_sha=d2bb888d384fada8f96a791111fc67d22cc1fc20d6a57cf4762a3854a910c72c
aiter_vs_lumen.dgate_row_scale: equal=True mismatch=0/2048 max_abs=0 first=None actual_sha=92d028b71496b269fbf47dbd0175a7ebdc4930d2dbaf964c050009b30f861657 expected_sha=92d028b71496b269fbf47dbd0175a7ebdc4930d2dbaf964c050009b30f861657
aiter_vs_lumen.dgate_col: equal=True mismatch=0/32768 max_abs=0 first=None actual_sha=958e61f8197b5d66f6db773230532f623a6d7f080a5c5448e0316f5231f9b952 expected_sha=958e61f8197b5d66f6db773230532f623a6d7f080a5c5448e0316f5231f9b952
aiter_vs_lumen.dgate_col_scale: equal=True mismatch=0/2048 max_abs=0 first=None actual_sha=e619029e1a1e400b3d76e3cc90f751d34a316b5499bd73144d5138e3e4343d5d expected_sha=e619029e1a1e400b3d76e3cc90f751d34a316b5499bd73144d5138e3e4343d5d
aiter_vs_lumen.dup_row: equal=False mismatch=280/32768 max_abs=17 first=((0, 60), 8, 9) actual_sha=7ce1c2b9bc71668b8160bde854d22df4d602ccab447a90cd96689ab3b270d5f5 expected_sha=753713ce1ecaaaa0f4371ae09f4354885330b18f5eb5dc89a1eb8df0ff19121e
aiter_vs_lumen.dup_row_scale: equal=True mismatch=0/2048 max_abs=0 first=None actual_sha=b69553ffcd16362d28266c1c13d5561744066fcfc62b62123bfc5b367a54ba85 expected_sha=b69553ffcd16362d28266c1c13d5561744066fcfc62b62123bfc5b367a54ba85
aiter_vs_lumen.dup_col: equal=True mismatch=0/32768 max_abs=0 first=None actual_sha=2ac05e0b49a57ede13b1b5cf3736096bc1b09a03009a7d38350b61151b4ebdb2 expected_sha=2ac05e0b49a57ede13b1b5cf3736096bc1b09a03009a7d38350b61151b4ebdb2
aiter_vs_lumen.dup_col_scale: equal=True mismatch=0/2048 max_abs=0 first=None actual_sha=40d31cc760d8b89d66b2989d7c2150db5750cb98958c0b35b032e578c2b05d3b expected_sha=40d31cc760d8b89d66b2989d7c2150db5750cb98958c0b35b032e578c2b05d3b
DIAGNOSTIC_COMPLETE
Traceback (most recent call last):
  File "/usr/lib/python3.10/weakref.py", line 667, in _exitfunc
    f()
  File "/usr/lib/python3.10/weakref.py", line 591, in __call__
    return info.func(*info.args, **(info.kwargs or {}))
  File "/usr/local/lib/python3.10/dist-packages/torch/library.py", line 667, in _del_library
    _clear_torch_ops_cache(op_defs)
  File "/usr/local/lib/python3.10/dist-packages/torch/library.py", line 623, in _clear_torch_ops_cache
    ns, name_with_overload = qualname.split("::")
ValueError: too many values to unpack (expected 2)
Traceback (most recent call last):
  File "/usr/lib/python3.10/weakref.py", line 667, in _exitfunc
    f()
  File "/usr/lib/python3.10/weakref.py", line 591, in __call__
    return info.func(*info.args, **(info.kwargs or {}))
  File "/usr/local/lib/python3.10/dist-packages/torch/library.py", line 667, in _del_library
    _clear_torch_ops_cache(op_defs)
  File "/usr/local/lib/python3.10/dist-packages/torch/library.py", line 623, in _clear_torch_ops_cache
    ns, name_with_overload = qualname.split("::")
ValueError: too many values to unpack (expected 2)
